../Core/Src/main.c:95:5:main	8	static
../Core/Src/main.c:146:6:SystemClock_Config	72	static
../Core/Src/main.c:185:13:MX_I2C2_Init	8	static
../Core/Src/main.c:219:13:MX_TIM1_Init	96	static
../Core/Src/main.c:293:13:MX_TIM2_Init	64	static
../Core/Src/main.c:351:13:MX_GPIO_Init	48	static
../Core/Src/main.c:417:6:mode_check	16	static
../Core/Src/main.c:463:6:oled_show	8	static
../Core/Src/main.c:500:6:show_time	16	static
../Core/Src/main.c:506:6:show_alarm	8	static
../Core/Src/main.c:523:6:show_calendar	16	static
../Core/Src/main.c:529:6:show_set	32	static
../Core/Src/main.c:889:6:show_error	8	static
../Core/Src/main.c:895:5:check_date	4	static
../Core/Src/main.c:901:5:check_sw	8	static
../Core/Src/main.c:937:6:set_date	4	static
../Core/Src/main.c:942:6:store_time	104	static
../Core/Src/main.c:965:6:read_time	16	static
../Core/Src/main.c:984:6:HAL_TIM_PeriodElapsedCallback	16	static
../Core/Src/main.c:1035:6:Error_Handler	4	static,ignoring_inline_asm
