Archive member included to satisfy reference by file (symbol)

c:/productivity/stmicroelectronics/stm32cubeide_1.7.0/stm32cubeide/plugins/com.st.stm32cube.ide.mcu.externaltools.gnu-tools-for-stm32.10.3-2021.10.win32_1.0.0.202111181127/tools/bin/../lib/gcc/arm-none-eabi/10.3.1/../../../../arm-none-eabi/lib/thumb/v7-m/nofp\libc_nano.a(lib_a-errno.o)
                              ./Core/Src/syscalls.o (__errno)
c:/productivity/stmicroelectronics/stm32cubeide_1.7.0/stm32cubeide/plugins/com.st.stm32cube.ide.mcu.externaltools.gnu-tools-for-stm32.10.3-2021.10.win32_1.0.0.202111181127/tools/bin/../lib/gcc/arm-none-eabi/10.3.1/../../../../arm-none-eabi/lib/thumb/v7-m/nofp\libc_nano.a(lib_a-exit.o)
                              c:/productivity/stmicroelectronics/stm32cubeide_1.7.0/stm32cubeide/plugins/com.st.stm32cube.ide.mcu.externaltools.gnu-tools-for-stm32.10.3-2021.10.win32_1.0.0.202111181127/tools/bin/../lib/gcc/arm-none-eabi/10.3.1/../../../../arm-none-eabi/lib/thumb/v7-m/nofp/crt0.o (exit)
c:/productivity/stmicroelectronics/stm32cubeide_1.7.0/stm32cubeide/plugins/com.st.stm32cube.ide.mcu.externaltools.gnu-tools-for-stm32.10.3-2021.10.win32_1.0.0.202111181127/tools/bin/../lib/gcc/arm-none-eabi/10.3.1/../../../../arm-none-eabi/lib/thumb/v7-m/nofp\libc_nano.a(lib_a-impure.o)
                              c:/productivity/stmicroelectronics/stm32cubeide_1.7.0/stm32cubeide/plugins/com.st.stm32cube.ide.mcu.externaltools.gnu-tools-for-stm32.10.3-2021.10.win32_1.0.0.202111181127/tools/bin/../lib/gcc/arm-none-eabi/10.3.1/../../../../arm-none-eabi/lib/thumb/v7-m/nofp\libc_nano.a(lib_a-exit.o) (_global_impure_ptr)
c:/productivity/stmicroelectronics/stm32cubeide_1.7.0/stm32cubeide/plugins/com.st.stm32cube.ide.mcu.externaltools.gnu-tools-for-stm32.10.3-2021.10.win32_1.0.0.202111181127/tools/bin/../lib/gcc/arm-none-eabi/10.3.1/../../../../arm-none-eabi/lib/thumb/v7-m/nofp\libc_nano.a(lib_a-init.o)
                              c:/productivity/stmicroelectronics/stm32cubeide_1.7.0/stm32cubeide/plugins/com.st.stm32cube.ide.mcu.externaltools.gnu-tools-for-stm32.10.3-2021.10.win32_1.0.0.202111181127/tools/bin/../lib/gcc/arm-none-eabi/10.3.1/../../../../arm-none-eabi/lib/thumb/v7-m/nofp/crt0.o (__libc_init_array)
c:/productivity/stmicroelectronics/stm32cubeide_1.7.0/stm32cubeide/plugins/com.st.stm32cube.ide.mcu.externaltools.gnu-tools-for-stm32.10.3-2021.10.win32_1.0.0.202111181127/tools/bin/../lib/gcc/arm-none-eabi/10.3.1/../../../../arm-none-eabi/lib/thumb/v7-m/nofp\libc_nano.a(lib_a-memcpy-stub.o)
                              ./Core/Src/ssd1306.o (memcpy)
c:/productivity/stmicroelectronics/stm32cubeide_1.7.0/stm32cubeide/plugins/com.st.stm32cube.ide.mcu.externaltools.gnu-tools-for-stm32.10.3-2021.10.win32_1.0.0.202111181127/tools/bin/../lib/gcc/arm-none-eabi/10.3.1/../../../../arm-none-eabi/lib/thumb/v7-m/nofp\libc_nano.a(lib_a-memmove.o)
                              ./Core/Src/ssd1306_tests.o (memmove)
c:/productivity/stmicroelectronics/stm32cubeide_1.7.0/stm32cubeide/plugins/com.st.stm32cube.ide.mcu.externaltools.gnu-tools-for-stm32.10.3-2021.10.win32_1.0.0.202111181127/tools/bin/../lib/gcc/arm-none-eabi/10.3.1/../../../../arm-none-eabi/lib/thumb/v7-m/nofp\libc_nano.a(lib_a-memset.o)
                              c:/productivity/stmicroelectronics/stm32cubeide_1.7.0/stm32cubeide/plugins/com.st.stm32cube.ide.mcu.externaltools.gnu-tools-for-stm32.10.3-2021.10.win32_1.0.0.202111181127/tools/bin/../lib/gcc/arm-none-eabi/10.3.1/../../../../arm-none-eabi/lib/thumb/v7-m/nofp/crt0.o (memset)
c:/productivity/stmicroelectronics/stm32cubeide_1.7.0/stm32cubeide/plugins/com.st.stm32cube.ide.mcu.externaltools.gnu-tools-for-stm32.10.3-2021.10.win32_1.0.0.202111181127/tools/bin/../lib/gcc/arm-none-eabi/10.3.1/../../../../arm-none-eabi/lib/thumb/v7-m/nofp\libc_nano.a(lib_a-snprintf.o)
                              ./Core/Src/ssd1306_tests.o (snprintf)
c:/productivity/stmicroelectronics/stm32cubeide_1.7.0/stm32cubeide/plugins/com.st.stm32cube.ide.mcu.externaltools.gnu-tools-for-stm32.10.3-2021.10.win32_1.0.0.202111181127/tools/bin/../lib/gcc/arm-none-eabi/10.3.1/../../../../arm-none-eabi/lib/thumb/v7-m/nofp\libc_nano.a(lib_a-sprintf.o)
                              ./Core/Src/main.o (sprintf)
c:/productivity/stmicroelectronics/stm32cubeide_1.7.0/stm32cubeide/plugins/com.st.stm32cube.ide.mcu.externaltools.gnu-tools-for-stm32.10.3-2021.10.win32_1.0.0.202111181127/tools/bin/../lib/gcc/arm-none-eabi/10.3.1/../../../../arm-none-eabi/lib/thumb/v7-m/nofp\libc_nano.a(lib_a-nano-svfprintf.o)
                              c:/productivity/stmicroelectronics/stm32cubeide_1.7.0/stm32cubeide/plugins/com.st.stm32cube.ide.mcu.externaltools.gnu-tools-for-stm32.10.3-2021.10.win32_1.0.0.202111181127/tools/bin/../lib/gcc/arm-none-eabi/10.3.1/../../../../arm-none-eabi/lib/thumb/v7-m/nofp\libc_nano.a(lib_a-snprintf.o) (_svfprintf_r)
[...]
Memory Configuration

Name             Origin             Length             Attributes
RAM              0x0000000020000000 0x0000000000005000 xrw
FLASH            0x0000000008000000 0x0000000000020000 xr
*default*        0x0000000000000000 0xffffffffffffffff

Linker script and memory map

LOAD c:/productivity/stmicroelectronics/stm32cubeide_1.7.0/stm32cubeide/plugins/com.st.stm32cube.ide.mcu.externaltools.gnu-tools-for-stm32.10.3-2021.10.win32_1.0.0.202111181127/tools/bin/../lib/gcc/arm-none-eabi/10.3.1/thumb/v7-m/nofp/crti.o
LOAD c:/productivity/stmicroelectronics/stm32cubeide_1.7.0/stm32cubeide/plugins/com.st.stm32cube.ide.mcu.externaltools.gnu-tools-for-stm32.10.3-2021.10.win32_1.0.0.202111181127/tools/bin/../lib/gcc/arm-none-eabi/10.3.1/thumb/v7-m/nofp/crtbegin.o
LOAD c:/productivity/stmicroelectronics/stm32cubeide_1.7.0/stm32cubeide/plugins/com.st.stm32cube.ide.mcu.externaltools.gnu-tools-for-stm32.10.3-2021.10.win32_1.0.0.202111181127/tools/bin/../lib/gcc/arm-none-eabi/10.3.1/../../../../arm-none-eabi/lib/thumb/v7-m/nofp/crt0.o
LOAD ./Core/Src/main.o
LOAD ./Core/Src/ssd1306.o
LOAD ./Core/Src/ssd1306_fonts.o
LOAD ./Core/Src/ssd1306_tests.o
LOAD ./Core/Src/stm32f1xx_hal_msp.o
LOAD ./Core/Src/stm32f1xx_it.o
LOAD ./Core/Src/syscalls.o
LOAD ./Core/Src/sysmem.o
LOAD ./Core/Src/system_stm32f1xx.o
LOAD ./Core/Startup/startup_stm32f103vbtx.o
LOAD ./Drivers/STM32F1xx_HAL_Driver/Src/stm32f1xx_hal.o
LOAD ./Drivers/STM32F1xx_HAL_Driver/Src/stm32f1xx_hal_cortex.o
LOAD ./Drivers/STM32F1xx_HAL_Driver/Src/stm32f1xx_hal_dma.o
LOAD ./Drivers/STM32F1xx_HAL_Driver/Src/stm32f1xx_hal_exti.o
LOAD ./Drivers/STM32F1xx_HAL_Driver/Src/stm32f1xx_hal_flash.o
LOAD ./Drivers/STM32F1xx_HAL_Driver/Src/stm32f1xx_hal_flash_ex.o
LOAD ./Drivers/STM32F1xx_HAL_Driver/Src/stm32f1xx_hal_gpio.o
LOAD ./Drivers/STM32F1xx_HAL_Driver/Src/stm32f1xx_hal_gpio_ex.o
LOAD ./Drivers/STM32F1xx_HAL_Driver/Src/stm32f1xx_hal_i2c.o
LOAD ./Drivers/STM32F1xx_HAL_Driver/Src/stm32f1xx_hal_pwr.o
LOAD ./Drivers/STM32F1xx_HAL_Driver/Src/stm32f1xx_hal_rcc.o
LOAD ./Drivers/STM32F1xx_HAL_Driver/Src/stm32f1xx_hal_rcc_ex.o
LOAD ./Drivers/STM32F1xx_HAL_Driver/Src/stm32f1xx_hal_tim.o
LOAD ./Drivers/STM32F1xx_HAL_Driver/Src/stm32f1xx_hal_tim_ex.o
START GROUP
LOAD c:/productivity/stmicroelectronics/stm32cubeide_1.7.0/stm32cubeide/plugins/com.st.stm32cube.ide.mcu.externaltools.gnu-tools-for-stm32.10.3-2021.10.win32_1.0.0.202111181127/tools/bin/../lib/gcc/arm-none-eabi/10.3.1/../../../../arm-none-eabi/lib/thumb/v7-m/nofp\libc_nano.a
LOAD c:/productivity/stmicroelectronics/stm32cubeide_1.7.0/stm32cubeide/plugins/com.st.stm32cube.ide.mcu.externaltools.gnu-tools-for-stm32.10.3-2021.10.win32_1.0.0.202111181127/tools/bin/../lib/gcc/arm-none-eabi/10.3.1/../../../../arm-none-eabi/lib/thumb/v7-m/nofp\libm.a
END GROUP
START GROUP
LOAD c:/productivity/stmicroelectronics/stm32cubeide_1.7.0/stm32cubeide/plugins/com.st.stm32cube.ide.mcu.externaltools.gnu-tools-for-stm32.10.3-2021.10.win32_1.0.0.202111181127/tools/bin/../lib/gcc/arm-none-eabi/10.3.1/thumb/v7-m/nofp\libgcc.a
LOAD c:/productivity/stmicroelectronics/stm32cubeide_1.7.0/stm32cubeide/plugins/com.st.stm32cube.ide.mcu.externaltools.gnu-tools-for-stm32.10.3-2021.10.win32_1.0.0.202111181127/tools/bin/../lib/gcc/arm-none-eabi/10.3.1/../../../../arm-none-eabi/lib/thumb/v7-m/nofp\libc_nano.a
END GROUP
START GROUP
LOAD c:/productivity/stmicroelectronics/stm32cubeide_1.7.0/stm32cubeide/plugins/com.st.stm32cube.ide.mcu.externaltools.gnu-tools-for-stm32.10.3-2021.10.win32_1.0.0.202111181127/tools/bin/../lib/gcc/arm-none-eabi/10.3.1/thumb/v7-m/nofp\libgcc.a
LOAD c:/productivity/stmicroelectronics/stm32cubeide_1.7.0/stm32cubeide/plugins/com.st.stm32cube.ide.mcu.externaltools.gnu-tools-for-stm32.10.3-2021.10.win32_1.0.0.202111181127/tools/bin/../lib/gcc/arm-none-eabi/10.3.1/../../../../arm-none-eabi/lib/thumb/v7-m/nofp\libc_nano.a
LOAD c:/productivity/stmicroelectronics/stm32cubeide_1.7.0/stm32cubeide/plugins/com.st.stm32cube.ide.mcu.externaltools.gnu-tools-for-stm32.10.3-2021.10.win32_1.0.0.202111181127/tools/bin/../lib/gcc/arm-none-eabi/10.3.1/../../../../arm-none-eabi/lib/thumb/v7-m/nofp\libnosys.a
END GROUP
START GROUP
LOAD c:/productivity/stmicroelectronics/stm32cubeide_1.7.0/stm32cubeide/plugins/com.st.stm32cube.ide.mcu.externaltools.gnu-tools-for-stm32.10.3-2021.10.win32_1.0.0.202111181127/tools/bin/../lib/gcc/arm-none-eabi/10.3.1/thumb/v7-m/nofp\libgcc.a
LOAD c:/productivity/stmicroelectronics/stm32cubeide_1.7.0/stm32cubeide/plugins/com.st.stm32cube.ide.mcu.externaltools.gnu-tools-for-stm32.10.3-2021.10.win32_1.0.0.202111181127/tools/bin/../lib/gcc/arm-none-eabi/10.3.1/../../../../arm-none-eabi/lib/thumb/v7-m/nofp\libc_nano.a
LOAD c:/productivity/stmicroelectronics/stm32cubeide_1.7.0/stm32cubeide/plugins/com.st.stm32cube.ide.mcu.externaltools.gnu-tools-for-stm32.10.3-2021.10.win32_1.0.0.202111181127/tools/bin/../lib/gcc/arm-none-eabi/10.3.1/../../../../arm-none-eabi/lib/thumb/v7-m/nofp\libnosys.a
END GROUP
LOAD c:/productivity/stmicroelectronics/stm32cubeide_1.7.0/stm32cubeide/plugins/com.st.stm32cube.ide.mcu.externaltools.gnu-tools-for-stm32.10.3-2021.10.win32_1.0.0.202111181127/tools/bin/../lib/gcc/arm-none-eabi/10.3.1/thumb/v7-m/nofp/crtend.o
LOAD c:/productivity/stmicroelectronics/stm32cubeide_1.7.0/stm32cubeide/plugins/com.st.stm32cube.ide.mcu.externaltools.gnu-tools-for-stm32.10.3-2021.10.win32_1.0.0.202111181127/tools/bin/../lib/gcc/arm-none-eabi/10.3.1/thumb/v7-m/nofp/crtn.o
                0x0000000020005000                _estack = (ORIGIN (RAM) + LENGTH (RAM))
                0x0000000000000200                _Min_Heap_Size = 0x200
                0x0000000000000400                _Min_Stack_Size = 0x400

.isr_vector     0x0000000008000000      0x10c
                0x0000000008000000                . = ALIGN (0x4)
 *(.isr_vector)
 .isr_vector    0x0000000008000000      0x10c ./Core/Startup/startup_stm32f103vbtx.o
                0x0000000008000000                g_pfnVectors
                0x000000000800010c                . = ALIGN (0x4)

.text           0x000000000800010c     0x5310
                0x000000000800010c                . = ALIGN (0x4)
 *(.text)
 .text          0x000000000800010c       0x40 c:/productivity/stmicroelectronics/stm32cubeide_1.7.0/stm32cubeide/plugins/com.st.stm32cube.ide.mcu.externaltools.gnu-tools-for-stm32.10.3-2021.10.win32_1.0.0.202111181127/tools/bin/../lib/gcc/arm-none-eabi/10.3.1/thumb/v7-m/nofp/crtbegin.o
 *(.text*)
 .text.main     0x000000000800014c       0x44 ./Core/Src/main.o
                0x000000000800014c                main
 .text.SystemClock_Config
                0x0000000008000190       0x8a ./Core/Src/main.o
                0x0000000008000190                SystemClock_Config
 *fill*         0x000000000800021a        0x2 
 .text.MX_I2C2_Init
                0x000000000800021c       0x5c ./Core/Src/main.o
 .text.MX_TIM1_Init
                0x0000000008000278      0x13c ./Core/Src/main.o
 .text.MX_TIM2_Init
                0x00000000080003b4       0xe8 ./Core/Src/main.o
 .text.MX_GPIO_Init
                0x000000000800049c      0x178 ./Core/Src/main.o
 .text.mode_check
                0x0000000008000614       0xe8 ./Core/Src/main.o
                0x0000000008000614                mode_check
 .text.oled_show
                0x00000000080006fc       0xc0 ./Core/Src/main.o
                0x00000000080006fc                oled_show
 .text.show_time
                0x00000000080007bc       0x58 ./Core/Src/main.o
                0x00000000080007bc                show_time
 .text.show_alarm
                0x0000000008000814       0xfc ./Core/Src/main.o
                0x0000000008000814                show_alarm
 .text.show_calendar
                0x0000000008000910       0x58 ./Core/Src/main.o
                0x0000000008000910                show_calendar
 .text.show_set
                0x0000000008000968      0xd60 ./Core/Src/main.o
                0x0000000008000968                show_set
 .text.show_error
                0x00000000080016c8       0x34 ./Core/Src/main.o
                0x00000000080016c8                show_error
 .text.check_sw
                0x00000000080016fc       0xac ./Core/Src/main.o
                0x00000000080016fc                check_sw
 .text.set_date
                0x00000000080017a8        0xc ./Core/Src/main.o
                0x00000000080017a8                set_date
 .text.store_time
                0x00000000080017b4       0xf4 ./Core/Src/main.o
                0x00000000080017b4                store_time
 .text.read_time
                0x00000000080018a8       0xfc ./Core/Src/main.o
                0x00000000080018a8                read_time
 .text.HAL_TIM_PeriodElapsedCallback
                0x00000000080019a4      0x144 ./Core/Src/main.o
                0x00000000080019a4                HAL_TIM_PeriodElapsedCallback
 .text.Error_Handler
                0x0000000008001ae8        0xa ./Core/Src/main.o
                0x0000000008001ae8                Error_Handler
 .text.ssd1306_Reset
                0x0000000008001af2        0xc ./Core/Src/ssd1306.o
                0x0000000008001af2                ssd1306_Reset
 *fill*         0x0000000008001afe        0x2 
 .text.ssd1306_WriteCommand
                0x0000000008001b00       0x30 ./Core/Src/ssd1306.o
                0x0000000008001b00                ssd1306_WriteCommand
 .text.ssd1306_WriteData
                0x0000000008001b30       0x34 ./Core/Src/ssd1306.o
                0x0000000008001b30                ssd1306_WriteData
 .text.ssd1306_Init
                0x0000000008001b64       0xd4 ./Core/Src/ssd1306.o
                0x0000000008001b64                ssd1306_Init
 .text.ssd1306_Fill
                0x0000000008001c38       0x44 ./Core/Src/ssd1306.o
                0x0000000008001c38                ssd1306_Fill
 .text.ssd1306_UpdateScreen
                0x0000000008001c7c       0x50 ./Core/Src/ssd1306.o
                0x0000000008001c7c                ssd1306_UpdateScreen
 .text.ssd1306_DrawPixel
                0x0000000008001ccc       0xa4 ./Core/Src/ssd1306.o
                0x0000000008001ccc                ssd1306_DrawPixel
 .text.ssd1306_WriteChar
                0x0000000008001d70      0x110 ./Core/Src/ssd1306.o
                0x0000000008001d70                ssd1306_WriteChar
 .text.ssd1306_WriteString
                0x0000000008001e80       0x4c ./Core/Src/ssd1306.o
                0x0000000008001e80                ssd1306_WriteString
 .text.ssd1306_SetCursor
                0x0000000008001ecc       0x30 ./Core/Src/ssd1306.o
                0x0000000008001ecc                ssd1306_SetCursor
 .text.ssd1306_SetContrast
                0x0000000008001efc       0x26 ./Core/Src/ssd1306.o
                0x0000000008001efc                ssd1306_SetContrast
 *fill*         0x0000000008001f22        0x2 
 .text.ssd1306_SetDisplayOn
                0x0000000008001f24       0x3c ./Core/Src/ssd1306.o
                0x0000000008001f24                ssd1306_SetDisplayOn
 .text.HAL_MspInit
                0x0000000008001f60       0x64 ./Core/Src/stm32f1xx_hal_msp.o
                0x0000000008001f60                HAL_MspInit
 .text.HAL_I2C_MspInit
                0x0000000008001fc4       0x80 ./Core/Src/stm32f1xx_hal_msp.o
                0x0000000008001fc4                HAL_I2C_MspInit
 .text.HAL_TIM_Base_MspInit
                0x0000000008002044       0x90 ./Core/Src/stm32f1xx_hal_msp.o
                0x0000000008002044                HAL_TIM_Base_MspInit
 .text.NMI_Handler
                0x00000000080020d4        0x6 ./Core/Src/stm32f1xx_it.o
                0x00000000080020d4                NMI_Handler
 .text.HardFault_Handler
                0x00000000080020da        0x6 ./Core/Src/stm32f1xx_it.o
                0x00000000080020da                HardFault_Handler
 .text.MemManage_Handler
                0x00000000080020e0        0x6 ./Core/Src/stm32f1xx_it.o
                0x00000000080020e0                MemManage_Handler
 .text.BusFault_Handler
                0x00000000080020e6        0x6 ./Core/Src/stm32f1xx_it.o
                0x00000000080020e6                BusFault_Handler
 .text.UsageFault_Handler
                0x00000000080020ec        0x6 ./Core/Src/stm32f1xx_it.o
                0x00000000080020ec                UsageFault_Handler
 .text.SVC_Handler
                0x00000000080020f2        0xc ./Core/Src/stm32f1xx_it.o
                0x00000000080020f2                SVC_Handler
 .text.DebugMon_Handler
                0x00000000080020fe        0xc ./Core/Src/stm32f1xx_it.o
                0x00000000080020fe                DebugMon_Handler
 .text.PendSV_Handler
                0x000000000800210a        0xc ./Core/Src/stm32f1xx_it.o
                0x000000000800210a                PendSV_Handler
 .text.SysTick_Handler
                0x0000000008002116        0xc ./Core/Src/stm32f1xx_it.o
                0x0000000008002116                SysTick_Handler
 *fill*         0x0000000008002122        0x2 
 .text.TIM1_BRK_IRQHandler
                0x0000000008002124       0x14 ./Core/Src/stm32f1xx_it.o
                0x0000000008002124                TIM1_BRK_IRQHandler
 .text.TIM1_UP_IRQHandler
                0x0000000008002138       0x14 ./Core/Src/stm32f1xx_it.o
                0x0000000008002138                TIM1_UP_IRQHandler
 .text.TIM2_IRQHandler
                0x000000000800214c       0x14 ./Core/Src/stm32f1xx_it.o
                0x000000000800214c                TIM2_IRQHandler
 .text._sbrk    0x0000000008002160       0x6c ./Core/Src/sysmem.o
                0x0000000008002160                _sbrk
 .text.SystemInit
                0x00000000080021cc        0xc ./Core/Src/system_stm32f1xx.o
                0x00000000080021cc                SystemInit
 .text.Reset_Handler
                0x00000000080021d8       0x48 ./Core/Startup/startup_stm32f103vbtx.o
                0x00000000080021d8                Reset_Handler
 .text.Default_Handler
                0x0000000008002220        0x2 ./Core/Startup/startup_stm32f103vbtx.o
                0x0000000008002220                RTC_Alarm_IRQHandler
                0x0000000008002220                EXTI2_IRQHandler
                0x0000000008002220                TIM1_CC_IRQHandler
                0x0000000008002220                PVD_IRQHandler
                0x0000000008002220                EXTI3_IRQHandler
                0x0000000008002220                EXTI0_IRQHandler
                0x0000000008002220                I2C2_EV_IRQHandler
                0x0000000008002220                ADC1_2_IRQHandler
                0x0000000008002220                SPI1_IRQHandler
                0x0000000008002220                TAMPER_IRQHandler
                0x0000000008002220                DMA1_Channel4_IRQHandler
                0x0000000008002220                USART3_IRQHandler
                0x0000000008002220                RTC_IRQHandler
                0x0000000008002220                DMA1_Channel7_IRQHandler
                0x0000000008002220                CAN1_RX1_IRQHandler
                0x0000000008002220                TIM4_IRQHandler
                0x0000000008002220                I2C1_EV_IRQHandler
                0x0000000008002220                DMA1_Channel6_IRQHandler
                0x0000000008002220                TIM3_IRQHandler
                0x0000000008002220                RCC_IRQHandler
                0x0000000008002220                TIM1_TRG_COM_IRQHandler
                0x0000000008002220                DMA1_Channel1_IRQHandler
                0x0000000008002220                Default_Handler
                0x0000000008002220                EXTI15_10_IRQHandler
                0x0000000008002220                EXTI9_5_IRQHandler
                0x0000000008002220                SPI2_IRQHandler
                0x0000000008002220                DMA1_Channel5_IRQHandler
                0x0000000008002220                EXTI4_IRQHandler
                0x0000000008002220                USB_LP_CAN1_RX0_IRQHandler
                0x0000000008002220                USB_HP_CAN1_TX_IRQHandler
                0x0000000008002220                DMA1_Channel3_IRQHandler
                0x0000000008002220                WWDG_IRQHandler
                0x0000000008002220                EXTI1_IRQHandler
                0x0000000008002220                USART2_IRQHandler
                0x0000000008002220                I2C2_ER_IRQHandler
                0x0000000008002220                DMA1_Channel2_IRQHandler
                0x0000000008002220                CAN1_SCE_IRQHandler
                0x0000000008002220                FLASH_IRQHandler
                0x0000000008002220                USART1_IRQHandler
                0x0000000008002220                I2C1_ER_IRQHandler
                0x0000000008002220                USBWakeUp_IRQHandler
 *fill*         0x0000000008002222        0x2 
 .text.HAL_Init
                0x0000000008002224       0x2c ./Drivers/STM32F1xx_HAL_Driver/Src/stm32f1xx_hal.o
                0x0000000008002224                HAL_Init
 .text.HAL_InitTick
                0x0000000008002250       0x60 ./Drivers/STM32F1xx_HAL_Driver/Src/stm32f1xx_hal.o
                0x0000000008002250                HAL_InitTick
 .text.HAL_IncTick
                0x00000000080022b0       0x24 ./Drivers/STM32F1xx_HAL_Driver/Src/stm32f1xx_hal.o
                0x00000000080022b0                HAL_IncTick
 .text.HAL_GetTick
                0x00000000080022d4       0x14 ./Drivers/STM32F1xx_HAL_Driver/Src/stm32f1xx_hal.o
                0x00000000080022d4                HAL_GetTick
 .text.HAL_Delay
                0x00000000080022e8       0x48 ./Drivers/STM32F1xx_HAL_Driver/Src/stm32f1xx_hal.o
                0x00000000080022e8                HAL_Delay
 .text.__NVIC_SetPriorityGrouping
                0x0000000008002330       0x48 ./Drivers/STM32F1xx_HAL_Driver/Src/stm32f1xx_hal_cortex.o
 .text.__NVIC_GetPriorityGrouping
                0x0000000008002378       0x1c ./Drivers/STM32F1xx_HAL_Driver/Src/stm32f1xx_hal_cortex.o
 .text.__NVIC_EnableIRQ
                0x0000000008002394       0x38 ./Drivers/STM32F1xx_HAL_Driver/Src/stm32f1xx_hal_cortex.o
 .text.__NVIC_SetPriority
                0x00000000080023cc       0x54 ./Drivers/STM32F1xx_HAL_Driver/Src/stm32f1xx_hal_cortex.o
 .text.NVIC_EncodePriority
                0x0000000008002420       0x64 ./Drivers/STM32F1xx_HAL_Driver/Src/stm32f1xx_hal_cortex.o
 .text.SysTick_Config
                0x0000000008002484       0x44 ./Drivers/STM32F1xx_HAL_Driver/Src/stm32f1xx_hal_cortex.o
 .text.HAL_NVIC_SetPriorityGrouping
                0x00000000080024c8       0x16 ./Drivers/STM32F1xx_HAL_Driver/Src/stm32f1xx_hal_cortex.o
                0x00000000080024c8                HAL_NVIC_SetPriorityGrouping
 .text.HAL_NVIC_SetPriority
                0x00000000080024de       0x38 ./Drivers/STM32F1xx_HAL_Driver/Src/stm32f1xx_hal_cortex.o
                0x00000000080024de                HAL_NVIC_SetPriority
 .text.HAL_NVIC_EnableIRQ
                0x0000000008002516       0x1c ./Drivers/STM32F1xx_HAL_Driver/Src/stm32f1xx_hal_cortex.o
                0x0000000008002516                HAL_NVIC_EnableIRQ
 .text.HAL_SYSTICK_Config
                0x0000000008002532       0x18 ./Drivers/STM32F1xx_HAL_Driver/Src/stm32f1xx_hal_cortex.o
                0x0000000008002532                HAL_SYSTICK_Config
 *fill*         0x000000000800254a        0x2 
 .text.HAL_FLASH_Program
                0x000000000800254c       0xe0 ./Drivers/STM32F1xx_HAL_Driver/Src/stm32f1xx_hal_flash.o
                0x000000000800254c                HAL_FLASH_Program
 .text.HAL_FLASH_Unlock
                0x000000000800262c       0x4c ./Drivers/STM32F1xx_HAL_Driver/Src/stm32f1xx_hal_flash.o
                0x000000000800262c                HAL_FLASH_Unlock
 .text.HAL_FLASH_Lock
                0x0000000008002678       0x20 ./Drivers/STM32F1xx_HAL_Driver/Src/stm32f1xx_hal_flash.o
                0x0000000008002678                HAL_FLASH_Lock
 .text.FLASH_Program_HalfWord
                0x0000000008002698       0x38 ./Drivers/STM32F1xx_HAL_Driver/Src/stm32f1xx_hal_flash.o
 .text.FLASH_WaitForLastOperation
                0x00000000080026d0       0x8c ./Drivers/STM32F1xx_HAL_Driver/Src/stm32f1xx_hal_flash.o
                0x00000000080026d0                FLASH_WaitForLastOperation
 .text.FLASH_SetErrorCode
                0x000000000800275c       0xa0 ./Drivers/STM32F1xx_HAL_Driver/Src/stm32f1xx_hal_flash.o
 .text.HAL_FLASHEx_Erase
                0x00000000080027fc       0xd8 ./Drivers/STM32F1xx_HAL_Driver/Src/stm32f1xx_hal_flash_ex.o
                0x00000000080027fc                HAL_FLASHEx_Erase
 .text.FLASH_MassErase
                0x00000000080028d4       0x38 ./Drivers/STM32F1xx_HAL_Driver/Src/stm32f1xx_hal_flash_ex.o
 .text.FLASH_PageErase
                0x000000000800290c       0x40 ./Drivers/STM32F1xx_HAL_Driver/Src/stm32f1xx_hal_flash_ex.o
                0x000000000800290c                FLASH_PageErase
 .text.HAL_GPIO_Init
                0x000000000800294c      0x308 ./Drivers/STM32F1xx_HAL_Driver/Src/stm32f1xx_hal_gpio.o
                0x000000000800294c                HAL_GPIO_Init
 .text.HAL_GPIO_ReadPin
                0x0000000008002c54       0x2e ./Drivers/STM32F1xx_HAL_Driver/Src/stm32f1xx_hal_gpio.o
                0x0000000008002c54                HAL_GPIO_ReadPin
 .text.HAL_GPIO_WritePin
                0x0000000008002c82       0x30 ./Drivers/STM32F1xx_HAL_Driver/Src/stm32f1xx_hal_gpio.o
                0x0000000008002c82                HAL_GPIO_WritePin
 .text.HAL_GPIO_TogglePin
                0x0000000008002cb2       0x32 ./Drivers/STM32F1xx_HAL_Driver/Src/stm32f1xx_hal_gpio.o
                0x0000000008002cb2                HAL_GPIO_TogglePin
 .text.HAL_I2C_Init
                0x0000000008002ce4      0x288 ./Drivers/STM32F1xx_HAL_Driver/Src/stm32f1xx_hal_i2c.o
                0x0000000008002ce4                HAL_I2C_Init
 .text.HAL_I2C_Mem_Write
                0x0000000008002f6c      0x1f4 ./Drivers/STM32F1xx_HAL_Driver/Src/stm32f1xx_hal_i2c.o
                0x0000000008002f6c                HAL_I2C_Mem_Write
 .text.I2C_RequestMemoryWrite
                0x0000000008003160      0x12c ./Drivers/STM32F1xx_HAL_Driver/Src/stm32f1xx_hal_i2c.o
 .text.I2C_WaitOnFlagUntilTimeout
                0x000000000800328c       0xae ./Drivers/STM32F1xx_HAL_Driver/Src/stm32f1xx_hal_i2c.o
 .text.I2C_WaitOnMasterAddressFlagUntilTimeout
                0x000000000800333a       0xfe ./Drivers/STM32F1xx_HAL_Driver/Src/stm32f1xx_hal_i2c.o
 .text.I2C_WaitOnTXEFlagUntilTimeout
                0x0000000008003438       0x82 ./Drivers/STM32F1xx_HAL_Driver/Src/stm32f1xx_hal_i2c.o
 .text.I2C_WaitOnBTFFlagUntilTimeout
                0x00000000080034ba       0x82 ./Drivers/STM32F1xx_HAL_Driver/Src/stm32f1xx_hal_i2c.o
 .text.I2C_IsAcknowledgeFailed
                0x000000000800353c       0x5c ./Drivers/STM32F1xx_HAL_Driver/Src/stm32f1xx_hal_i2c.o
 .text.HAL_RCC_OscConfig
                0x0000000008003598      0x504 ./Drivers/STM32F1xx_HAL_Driver/Src/stm32f1xx_hal_rcc.o
                0x0000000008003598                HAL_RCC_OscConfig
 .text.HAL_RCC_ClockConfig
                0x0000000008003a9c      0x1d4 ./Drivers/STM32F1xx_HAL_Driver/Src/stm32f1xx_hal_rcc.o
                0x0000000008003a9c                HAL_RCC_ClockConfig
 .text.HAL_RCC_GetSysClockFreq
                0x0000000008003c70       0xbc ./Drivers/STM32F1xx_HAL_Driver/Src/stm32f1xx_hal_rcc.o
                0x0000000008003c70                HAL_RCC_GetSysClockFreq
 .text.HAL_RCC_GetHCLKFreq
                0x0000000008003d2c       0x14 ./Drivers/STM32F1xx_HAL_Driver/Src/stm32f1xx_hal_rcc.o
                0x0000000008003d2c                HAL_RCC_GetHCLKFreq
 .text.HAL_RCC_GetPCLK1Freq
                0x0000000008003d40       0x28 ./Drivers/STM32F1xx_HAL_Driver/Src/stm32f1xx_hal_rcc.o
                0x0000000008003d40                HAL_RCC_GetPCLK1Freq
 .text.RCC_Delay
                0x0000000008003d68       0x3c ./Drivers/STM32F1xx_HAL_Driver/Src/stm32f1xx_hal_rcc.o
 .text.HAL_TIM_Base_Init
                0x0000000008003da4       0x9e ./Drivers/STM32F1xx_HAL_Driver/Src/stm32f1xx_hal_tim.o
                0x0000000008003da4                HAL_TIM_Base_Init
 *fill*         0x0000000008003e42        0x2 
 .text.HAL_TIM_Base_Start_IT
                0x0000000008003e44       0xa4 ./Drivers/STM32F1xx_HAL_Driver/Src/stm32f1xx_hal_tim.o
                0x0000000008003e44                HAL_TIM_Base_Start_IT
 .text.HAL_TIM_OC_Init
                0x0000000008003ee8       0x9e ./Drivers/STM32F1xx_HAL_Driver/Src/stm32f1xx_hal_tim.o
                0x0000000008003ee8                HAL_TIM_OC_Init
 .text.HAL_TIM_OC_MspInit
                0x0000000008003f86       0x12 ./Drivers/STM32F1xx_HAL_Driver/Src/stm32f1xx_hal_tim.o
                0x0000000008003f86                HAL_TIM_OC_MspInit
 .text.HAL_TIM_IRQHandler
                0x0000000008003f98      0x210 ./Drivers/STM32F1xx_HAL_Driver/Src/stm32f1xx_hal_tim.o
                0x0000000008003f98                HAL_TIM_IRQHandler
 .text.HAL_TIM_OC_ConfigChannel
                0x00000000080041a8       0xb0 ./Drivers/STM32F1xx_HAL_Driver/Src/stm32f1xx_hal_tim.o
                0x00000000080041a8                HAL_TIM_OC_ConfigChannel
 .text.HAL_TIM_ConfigClockSource
                0x0000000008004258      0x188 ./Drivers/STM32F1xx_HAL_Driver/Src/stm32f1xx_hal_tim.o
                0x0000000008004258                HAL_TIM_ConfigClockSource
 .text.HAL_TIM_OC_DelayElapsedCallback
                0x00000000080043e0       0x12 ./Drivers/STM32F1xx_HAL_Driver/Src/stm32f1xx_hal_tim.o
                0x00000000080043e0                HAL_TIM_OC_DelayElapsedCallback
 .text.HAL_TIM_IC_CaptureCallback
                0x00000000080043f2       0x12 ./Drivers/STM32F1xx_HAL_Driver/Src/stm32f1xx_hal_tim.o
                0x00000000080043f2                HAL_TIM_IC_CaptureCallback
 .text.HAL_TIM_PWM_PulseFinishedCallback
                0x0000000008004404       0x12 ./Drivers/STM32F1xx_HAL_Driver/Src/stm32f1xx_hal_tim.o
                0x0000000008004404                HAL_TIM_PWM_PulseFinishedCallback
 .text.HAL_TIM_TriggerCallback
                0x0000000008004416       0x12 ./Drivers/STM32F1xx_HAL_Driver/Src/stm32f1xx_hal_tim.o
                0x0000000008004416                HAL_TIM_TriggerCallback
 .text.TIM_Base_SetConfig
                0x0000000008004428       0xc4 ./Drivers/STM32F1xx_HAL_Driver/Src/stm32f1xx_hal_tim.o
                0x0000000008004428                TIM_Base_SetConfig
 .text.TIM_OC1_SetConfig
                0x00000000080044ec       0xcc ./Drivers/STM32F1xx_HAL_Driver/Src/stm32f1xx_hal_tim.o
 .text.TIM_OC2_SetConfig
                0x00000000080045b8       0xd4 ./Drivers/STM32F1xx_HAL_Driver/Src/stm32f1xx_hal_tim.o
                0x00000000080045b8                TIM_OC2_SetConfig
 .text.TIM_OC3_SetConfig
                0x000000000800468c       0xd4 ./Drivers/STM32F1xx_HAL_Driver/Src/stm32f1xx_hal_tim.o
 .text.TIM_OC4_SetConfig
                0x0000000008004760       0x9c ./Drivers/STM32F1xx_HAL_Driver/Src/stm32f1xx_hal_tim.o
 .text.TIM_TI1_ConfigInputStage
                0x00000000080047fc       0x5c ./Drivers/STM32F1xx_HAL_Driver/Src/stm32f1xx_hal_tim.o
 .text.TIM_TI2_ConfigInputStage
                0x0000000008004858       0x5e ./Drivers/STM32F1xx_HAL_Driver/Src/stm32f1xx_hal_tim.o
 .text.TIM_ITRx_SetConfig
                0x00000000080048b6       0x34 ./Drivers/STM32F1xx_HAL_Driver/Src/stm32f1xx_hal_tim.o
 .text.TIM_ETR_SetConfig
                0x00000000080048ea       0x3e ./Drivers/STM32F1xx_HAL_Driver/Src/stm32f1xx_hal_tim.o
                0x00000000080048ea                TIM_ETR_SetConfig
 .text.HAL_TIMEx_MasterConfigSynchronization
                0x0000000008004928       0xbc ./Drivers/STM32F1xx_HAL_Driver/Src/stm32f1xx_hal_tim_ex.o
                0x0000000008004928                HAL_TIMEx_MasterConfigSynchronization
 .text.HAL_TIMEx_ConfigBreakDeadTime
                0x00000000080049e4       0xa2 ./Drivers/STM32F1xx_HAL_Driver/Src/stm32f1xx_hal_tim_ex.o
                0x00000000080049e4                HAL_TIMEx_ConfigBreakDeadTime
 .text.HAL_TIMEx_CommutCallback
                0x0000000008004a86       0x12 ./Drivers/STM32F1xx_HAL_Driver/Src/stm32f1xx_hal_tim_ex.o
                0x0000000008004a86                HAL_TIMEx_CommutCallback
 .text.HAL_TIMEx_BreakCallback
                0x0000000008004a98       0x12 ./Drivers/STM32F1xx_HAL_Driver/Src/stm32f1xx_hal_tim_ex.o
                0x0000000008004a98                HAL_TIMEx_BreakCallback
 *fill*         0x0000000008004aaa        0x2 
 .text.__errno  0x0000000008004aac        0xc c:/productivity/stmicroelectronics/stm32cubeide_1.7.0/stm32cubeide/plugins/com.st.stm32cube.ide.mcu.externaltools.gnu-tools-for-stm32.10.3-2021.10.win32_1.0.0.202111181127/tools/bin/../lib/gcc/arm-none-eabi/10.3.1/../../../../arm-none-eabi/lib/thumb/v7-m/nofp\libc_nano.a(lib_a-errno.o)
                0x0000000008004aac                __errno
 .text.__libc_init_array
                0x0000000008004ab8       0x48 c:/productivity/stmicroelectronics/stm32cubeide_1.7.0/stm32cubeide/plugins/com.st.stm32cube.ide.mcu.externaltools.gnu-tools-for-stm32.10.3-2021.10.win32_1.0.0.202111181127/tools/bin/../lib/gcc/arm-none-eabi/10.3.1/../../../../arm-none-eabi/lib/thumb/v7-m/nofp\libc_nano.a(lib_a-init.o)
                0x0000000008004ab8                __libc_init_array
 .text.memcpy   0x0000000008004b00       0x1c c:/productivity/stmicroelectronics/stm32cubeide_1.7.0/stm32cubeide/plugins/com.st.stm32cube.ide.mcu.externaltools.gnu-tools-for-stm32.10.3-2021.10.win32_1.0.0.202111181127/tools/bin/../lib/gcc/arm-none-eabi/10.3.1/../../../../arm-none-eabi/lib/thumb/v7-m/nofp\libc_nano.a(lib_a-memcpy-stub.o)
                0x0000000008004b00                memcpy
 .text.memmove  0x0000000008004b1c       0x34 c:/productivity/stmicroelectronics/stm32cubeide_1.7.0/stm32cubeide/plugins/com.st.stm32cube.ide.mcu.externaltools.gnu-tools-for-stm32.10.3-2021.10.win32_1.0.0.202111181127/tools/bin/../lib/gcc/arm-none-eabi/10.3.1/../../../../arm-none-eabi/lib/thumb/v7-m/nofp\libc_nano.a(lib_a-memmove.o)
                0x0000000008004b1c                memmove
 .text.memset   0x0000000008004b50       0x10 c:/productivity/stmicroelectronics/stm32cubeide_1.7.0/stm32cubeide/plugins/com.st.stm32cube.ide.mcu.externaltools.gnu-tools-for-stm32.10.3-2021.10.win32_1.0.0.202111181127/tools/bin/../lib/gcc/arm-none-eabi/10.3.1/../../../../arm-none-eabi/lib/thumb/v7-m/nofp\libc_nano.a(lib_a-memset.o)
                0x0000000008004b50                memset
 .text.sprintf  0x0000000008004b60       0x40 c:/productivity/stmicroelectronics/stm32cubeide_1.7.0/stm32cubeide/plugins/com.st.stm32cube.ide.mcu.externaltools.gnu-tools-for-stm32.10.3-2021.10.win32_1.0.0.202111181127/tools/bin/../lib/gcc/arm-none-eabi/10.3.1/../../../../arm-none-eabi/lib/thumb/v7-m/nofp\libc_nano.a(lib_a-sprintf.o)
                0x0000000008004b60                siprintf
                0x0000000008004b60                sprintf
 .text.__ssputs_r
                0x0000000008004ba0       0xb6 c:/productivity/stmicroelectronics/stm32cubeide_1.7.0/stm32cubeide/plugins/com.st.stm32cube.ide.mcu.externaltools.gnu-tools-for-stm32.10.3-2021.10.win32_1.0.0.202111181127/tools/bin/../lib/gcc/arm-none-eabi/10.3.1/../../../../arm-none-eabi/lib/thumb/v7-m/nofp\libc_nano.a(lib_a-nano-svfprintf.o)
                0x0000000008004ba0                __ssputs_r
 *fill*         0x0000000008004c56        0x2 
 .text._svfprintf_r
                0x0000000008004c58      0x200 c:/productivity/stmicroelectronics/stm32cubeide_1.7.0/stm32cubeide/plugins/com.st.stm32cube.ide.mcu.externaltools.gnu-tools-for-stm32.10.3-2021.10.win32_1.0.0.202111181127/tools/bin/../lib/gcc/arm-none-eabi/10.3.1/../../../../arm-none-eabi/lib/thumb/v7-m/nofp\libc_nano.a(lib_a-nano-svfprintf.o)
                0x0000000008004c58                _svfiprintf_r
                0x0000000008004c58                _svfprintf_r
 .text._printf_common
                0x0000000008004e58       0xde c:/productivity/stmicroelectronics/stm32cubeide_1.7.0/stm32cubeide/plugins/com.st.stm32cube.ide.mcu.externaltools.gnu-tools-for-stm32.10.3-2021.10.win32_1.0.0.202111181127/tools/bin/../lib/gcc/arm-none-eabi/10.3.1/../../../../arm-none-eabi/lib/thumb/v7-m/nofp\libc_nano.a(lib_a-nano-vfprintf_i.o)
                0x0000000008004e58                _printf_common
 *fill*         0x0000000008004f36        0x2 
 .text._printf_i
                0x0000000008004f38      0x24c c:/productivity/stmicroelectronics/stm32cubeide_1.7.0/stm32cubeide/plugins/com.st.stm32cube.ide.mcu.externaltools.gnu-tools-for-stm32.10.3-2021.10.win32_1.0.0.202111181127/tools/bin/../lib/gcc/arm-none-eabi/10.3.1/../../../../arm-none-eabi/lib/thumb/v7-m/nofp\libc_nano.a(lib_a-nano-vfprintf_i.o)
                0x0000000008004f38                _printf_i
 .text.memchr   0x0000000008005184       0x1c c:/productivity/stmicroelectronics/stm32cubeide_1.7.0/stm32cubeide/plugins/com.st.stm32cube.ide.mcu.externaltools.gnu-tools-for-stm32.10.3-2021.10.win32_1.0.0.202111181127/tools/bin/../lib/gcc/arm-none-eabi/10.3.1/../../../../arm-none-eabi/lib/thumb/v7-m/nofp\libc_nano.a(lib_a-memchr-stub.o)
                0x0000000008005184                memchr
 .text._free_r  0x00000000080051a0       0x90 c:/productivity/stmicroelectronics/stm32cubeide_1.7.0/stm32cubeide/plugins/com.st.stm32cube.ide.mcu.externaltools.gnu-tools-for-stm32.10.3-2021.10.win32_1.0.0.202111181127/tools/bin/../lib/gcc/arm-none-eabi/10.3.1/../../../../arm-none-eabi/lib/thumb/v7-m/nofp\libc_nano.a(lib_a-nano-freer.o)
                0x00000000080051a0                _free_r
 .text.sbrk_aligned
                0x0000000008005230       0x40 c:/productivity/stmicroelectronics/stm32cubeide_1.7.0/stm32cubeide/plugins/com.st.stm32cube.ide.mcu.externaltools.gnu-tools-for-stm32.10.3-2021.10.win32_1.0.0.202111181127/tools/bin/../lib/gcc/arm-none-eabi/10.3.1/../../../../arm-none-eabi/lib/thumb/v7-m/nofp\libc_nano.a(lib_a-nano-mallocr.o)
 .text._malloc_r
                0x0000000008005270       0xe8 c:/productivity/stmicroelectronics/stm32cubeide_1.7.0/stm32cubeide/plugins/com.st.stm32cube.ide.mcu.externaltools.gnu-tools-for-stm32.10.3-2021.10.win32_1.0.0.202111181127/tools/bin/../lib/gcc/arm-none-eabi/10.3.1/../../../../arm-none-eabi/lib/thumb/v7-m/nofp\libc_nano.a(lib_a-nano-mallocr.o)
                0x0000000008005270                _malloc_r
 .text._realloc_r
                0x0000000008005358       0x5e c:/productivity/stmicroelectronics/stm32cubeide_1.7.0/stm32cubeide/plugins/com.st.stm32cube.ide.mcu.externaltools.gnu-tools-for-stm32.10.3-2021.10.win32_1.0.0.202111181127/tools/bin/../lib/gcc/arm-none-eabi/10.3.1/../../../../arm-none-eabi/lib/thumb/v7-m/nofp\libc_nano.a(lib_a-nano-reallocr.o)
                0x0000000008005358                _realloc_r
 *fill*         0x00000000080053b6        0x2 
 .text._sbrk_r  0x00000000080053b8       0x20 c:/productivity/stmicroelectronics/stm32cubeide_1.7.0/stm32cubeide/plugins/com.st.stm32cube.ide.mcu.externaltools.gnu-tools-for-stm32.10.3-2021.10.win32_1.0.0.202111181127/tools/bin/../lib/gcc/arm-none-eabi/10.3.1/../../../../arm-none-eabi/lib/thumb/v7-m/nofp\libc_nano.a(lib_a-sbrkr.o)
                0x00000000080053b8                _sbrk_r
 .text.__malloc_lock
                0x00000000080053d8        0xc c:/productivity/stmicroelectronics/stm32cubeide_1.7.0/stm32cubeide/plugins/com.st.stm32cube.ide.mcu.externaltools.gnu-tools-for-stm32.10.3-2021.10.win32_1.0.0.202111181127/tools/bin/../lib/gcc/arm-none-eabi/10.3.1/../../../../arm-none-eabi/lib/thumb/v7-m/nofp\libc_nano.a(lib_a-mlock.o)
                0x00000000080053d8                __malloc_lock
 .text.__malloc_unlock
                0x00000000080053e4        0xc c:/productivity/stmicroelectronics/stm32cubeide_1.7.0/stm32cubeide/plugins/com.st.stm32cube.ide.mcu.externaltools.gnu-tools-for-stm32.10.3-2021.10.win32_1.0.0.202111181127/tools/bin/../lib/gcc/arm-none-eabi/10.3.1/../../../../arm-none-eabi/lib/thumb/v7-m/nofp\libc_nano.a(lib_a-mlock.o)
                0x00000000080053e4                __malloc_unlock
 .text._malloc_usable_size_r
                0x00000000080053f0       0x10 c:/productivity/stmicroelectronics/stm32cubeide_1.7.0/stm32cubeide/plugins/com.st.stm32cube.ide.mcu.externaltools.gnu-tools-for-stm32.10.3-2021.10.win32_1.0.0.202111181127/tools/bin/../lib/gcc/arm-none-eabi/10.3.1/../../../../arm-none-eabi/lib/thumb/v7-m/nofp\libc_nano.a(lib_a-nano-msizer.o)
                0x00000000080053f0                _malloc_usable_size_r
 .text.__retarget_lock_acquire_recursive
                0x0000000008005400        0x2 c:/productivity/stmicroelectronics/stm32cubeide_1.7.0/stm32cubeide/plugins/com.st.stm32cube.ide.mcu.externaltools.gnu-tools-for-stm32.10.3-2021.10.win32_1.0.0.202111181127/tools/bin/../lib/gcc/arm-none-eabi/10.3.1/../../../../arm-none-eabi/lib/thumb/v7-m/nofp\libc_nano.a(lib_a-lock.o)
                0x0000000008005400                __retarget_lock_acquire_recursive
 .text.__retarget_lock_release_recursive
                0x0000000008005402        0x2 c:/productivity/stmicroelectronics/stm32cubeide_1.7.0/stm32cubeide/plugins/com.st.stm32cube.ide.mcu.externaltools.gnu-tools-for-stm32.10.3-2021.10.win32_1.0.0.202111181127/tools/bin/../lib/gcc/arm-none-eabi/10.3.1/../../../../arm-none-eabi/lib/thumb/v7-m/nofp\libc_nano.a(lib_a-lock.o)
                0x0000000008005402                __retarget_lock_release_recursive
 *(.glue_7)
 .glue_7        0x0000000008005404        0x0 linker stubs
 *(.glue_7t)
 .glue_7t       0x0000000008005404        0x0 linker stubs
 *(.eh_frame)
 .eh_frame      0x0000000008005404        0x0 c:/productivity/stmicroelectronics/stm32cubeide_1.7.0/stm32cubeide/plugins/com.st.stm32cube.ide.mcu.externaltools.gnu-tools-for-stm32.10.3-2021.10.win32_1.0.0.202111181127/tools/bin/../lib/gcc/arm-none-eabi/10.3.1/thumb/v7-m/nofp/crtbegin.o
 *(.init)
 .init          0x0000000008005404        0x4 c:/productivity/stmicroelectronics/stm32cubeide_1.7.0/stm32cubeide/plugins/com.st.stm32cube.ide.mcu.externaltools.gnu-tools-for-stm32.10.3-2021.10.win32_1.0.0.202111181127/tools/bin/../lib/gcc/arm-none-eabi/10.3.1/thumb/v7-m/nofp/crti.o
                0x0000000008005404                _init
 .init          0x0000000008005408        0x8 c:/productivity/stmicroelectronics/stm32cubeide_1.7.0/stm32cubeide/plugins/com.st.stm32cube.ide.mcu.externaltools.gnu-tools-for-stm32.10.3-2021.10.win32_1.0.0.202111181127/tools/bin/../lib/gcc/arm-none-eabi/10.3.1/thumb/v7-m/nofp/crtn.o
 *(.fini)
 .fini          0x0000000008005410        0x4 c:/productivity/stmicroelectronics/stm32cubeide_1.7.0/stm32cubeide/plugins/com.st.stm32cube.ide.mcu.externaltools.gnu-tools-for-stm32.10.3-2021.10.win32_1.0.0.202111181127/tools/bin/../lib/gcc/arm-none-eabi/10.3.1/thumb/v7-m/nofp/crti.o
                0x0000000008005410                _fini
 .fini          0x0000000008005414        0x8 c:/productivity/stmicroelectronics/stm32cubeide_1.7.0/stm32cubeide/plugins/com.st.stm32cube.ide.mcu.externaltools.gnu-tools-for-stm32.10.3-2021.10.win32_1.0.0.202111181127/tools/bin/../lib/gcc/arm-none-eabi/10.3.1/thumb/v7-m/nofp/crtn.o
                0x000000000800541c                . = ALIGN (0x4)
                0x000000000800541c                _etext = .

.vfp11_veneer   0x000000000800541c        0x0
 .vfp11_veneer  0x000000000800541c        0x0 linker stubs

.v4_bx          0x000000000800541c        0x0
 .v4_bx         0x000000000800541c        0x0 linker stubs

.iplt           0x000000000800541c        0x0
 .iplt          0x000000000800541c        0x0 c:/productivity/stmicroelectronics/stm32cubeide_1.7.0/stm32cubeide/plugins/com.st.stm32cube.ide.mcu.externaltools.gnu-tools-for-stm32.10.3-2021.10.win32_1.0.0.202111181127/tools/bin/../lib/gcc/arm-none-eabi/10.3.1/thumb/v7-m/nofp/crtbegin.o

.rodata         0x000000000800541c      0xfb8
                0x000000000800541c                . = ALIGN (0x4)
 *(.rodata)
 .rodata        0x000000000800541c      0x200 ./Core/Src/main.o
 .rodata        0x000000000800561c       0x10 ./Drivers/STM32F1xx_HAL_Driver/Src/stm32f1xx_hal_rcc.o
 *(.rodata*)
 .rodata.Font11x18
                0x000000000800562c      0xd5c ./Core/Src/ssd1306_fonts.o
 .rodata.AHBPrescTable
                0x0000000008006388       0x10 ./Core/Src/system_stm32f1xx.o
                0x0000000008006388                AHBPrescTable
 .rodata.APBPrescTable
                0x0000000008006398        0x8 ./Core/Src/system_stm32f1xx.o
                0x0000000008006398                APBPrescTable
 .rodata._svfprintf_r.str1.1
                0x00000000080063a0       0x11 c:/productivity/stmicroelectronics/stm32cubeide_1.7.0/stm32cubeide/plugins/com.st.stm32cube.ide.mcu.externaltools.gnu-tools-for-stm32.10.3-2021.10.win32_1.0.0.202111181127/tools/bin/../lib/gcc/arm-none-eabi/10.3.1/../../../../arm-none-eabi/lib/thumb/v7-m/nofp\libc_nano.a(lib_a-nano-svfprintf.o)
 .rodata._printf_i.str1.1
                0x00000000080063b1       0x22 c:/productivity/stmicroelectronics/stm32cubeide_1.7.0/stm32cubeide/plugins/com.st.stm32cube.ide.mcu.externaltools.gnu-tools-for-stm32.10.3-2021.10.win32_1.0.0.202111181127/tools/bin/../lib/gcc/arm-none-eabi/10.3.1/../../../../arm-none-eabi/lib/thumb/v7-m/nofp\libc_nano.a(lib_a-nano-vfprintf_i.o)
                0x00000000080063d4                . = ALIGN (0x4)
 *fill*         0x00000000080063d3        0x1 

.rel.dyn        0x00000000080063d4        0x0
 .rel.iplt      0x00000000080063d4        0x0 c:/productivity/stmicroelectronics/stm32cubeide_1.7.0/stm32cubeide/plugins/com.st.stm32cube.ide.mcu.externaltools.gnu-tools-for-stm32.10.3-2021.10.win32_1.0.0.202111181127/tools/bin/../lib/gcc/arm-none-eabi/10.3.1/thumb/v7-m/nofp/crtbegin.o

.ARM.extab      0x00000000080063d4        0x0
                0x00000000080063d4                . = ALIGN (0x4)
 *(.ARM.extab* .gnu.linkonce.armextab.*)
                0x00000000080063d4                . = ALIGN (0x4)

.ARM            0x00000000080063d4        0x0
                0x00000000080063d4                . = ALIGN (0x4)
                0x00000000080063d4                __exidx_start = .
 *(.ARM.exidx*)
                0x00000000080063d4                __exidx_end = .
                0x00000000080063d4                . = ALIGN (0x4)

.preinit_array  0x00000000080063d4        0x0
                0x00000000080063d4                . = ALIGN (0x4)
                0x00000000080063d4                PROVIDE (__preinit_array_start = .)
 *(.preinit_array*)
                0x00000000080063d4                PROVIDE (__preinit_array_end = .)
                0x00000000080063d4                . = ALIGN (0x4)

.init_array     0x00000000080063d4        0x4
                0x00000000080063d4                . = ALIGN (0x4)
                0x00000000080063d4                PROVIDE (__init_array_start = .)
 *(SORT_BY_NAME(.init_array.*))
 *(.init_array*)
 .init_array    0x00000000080063d4        0x4 c:/productivity/stmicroelectronics/stm32cubeide_1.7.0/stm32cubeide/plugins/com.st.stm32cube.ide.mcu.externaltools.gnu-tools-for-stm32.10.3-2021.10.win32_1.0.0.202111181127/tools/bin/../lib/gcc/arm-none-eabi/10.3.1/thumb/v7-m/nofp/crtbegin.o
                0x00000000080063d8                PROVIDE (__init_array_end = .)
                0x00000000080063d8                . = ALIGN (0x4)

.fini_array     0x00000000080063d8        0x4
                0x00000000080063d8                . = ALIGN (0x4)
                [!provide]                        PROVIDE (__fini_array_start = .)
 *(SORT_BY_NAME(.fini_array.*))
 *(.fini_array*)
 .fini_array    0x00000000080063d8        0x4 c:/productivity/stmicroelectronics/stm32cubeide_1.7.0/stm32cubeide/plugins/com.st.stm32cube.ide.mcu.externaltools.gnu-tools-for-stm32.10.3-2021.10.win32_1.0.0.202111181127/tools/bin/../lib/gcc/arm-none-eabi/10.3.1/thumb/v7-m/nofp/crtbegin.o
                [!provide]                        PROVIDE (__fini_array_end = .)
                0x00000000080063dc                . = ALIGN (0x4)
                0x00000000080063dc                _sidata = LOADADDR (.data)

.data           0x0000000020000000       0x84 load address 0x00000000080063dc
                0x0000000020000000                . = ALIGN (0x4)
                0x0000000020000000                _sdata = .
 *(.data)
 *(.data*)
 .data.year     0x0000000020000000        0x4 ./Core/Src/main.o
                0x0000000020000000                year
 .data.month    0x0000000020000004        0x4 ./Core/Src/main.o
                0x0000000020000004                month
 .data.date     0x0000000020000008        0x4 ./Core/Src/main.o
                0x0000000020000008                date
 .data.Font_11x18
                0x000000002000000c        0x8 ./Core/Src/ssd1306_fonts.o
                0x000000002000000c                Font_11x18
 .data.SystemCoreClock
                0x0000000020000014        0x4 ./Core/Src/system_stm32f1xx.o
                0x0000000020000014                SystemCoreClock
 .data.uwTickPrio
                0x0000000020000018        0x4 ./Drivers/STM32F1xx_HAL_Driver/Src/stm32f1xx_hal.o
                0x0000000020000018                uwTickPrio
 .data.uwTickFreq
                0x000000002000001c        0x1 ./Drivers/STM32F1xx_HAL_Driver/Src/stm32f1xx_hal.o
                0x000000002000001c                uwTickFreq
 *fill*         0x000000002000001d        0x3 
 .data._impure_ptr
                0x0000000020000020        0x4 c:/productivity/stmicroelectronics/stm32cubeide_1.7.0/stm32cubeide/plugins/com.st.stm32cube.ide.mcu.externaltools.gnu-tools-for-stm32.10.3-2021.10.win32_1.0.0.202111181127/tools/bin/../lib/gcc/arm-none-eabi/10.3.1/../../../../arm-none-eabi/lib/thumb/v7-m/nofp\libc_nano.a(lib_a-impure.o)
                0x0000000020000020                _impure_ptr
 .data.impure_data
                0x0000000020000024       0x60 c:/productivity/stmicroelectronics/stm32cubeide_1.7.0/stm32cubeide/plugins/com.st.stm32cube.ide.mcu.externaltools.gnu-tools-for-stm32.10.3-2021.10.win32_1.0.0.202111181127/tools/bin/../lib/gcc/arm-none-eabi/10.3.1/../../../../arm-none-eabi/lib/thumb/v7-m/nofp\libc_nano.a(lib_a-impure.o)
 *(.RamFunc)
 *(.RamFunc*)
                0x0000000020000084                . = ALIGN (0x4)
                0x0000000020000084                _edata = .

.igot.plt       0x0000000020000084        0x0 load address 0x0000000008006460
 .igot.plt      0x0000000020000084        0x0 c:/productivity/stmicroelectronics/stm32cubeide_1.7.0/stm32cubeide/plugins/com.st.stm32cube.ide.mcu.externaltools.gnu-tools-for-stm32.10.3-2021.10.win32_1.0.0.202111181127/tools/bin/../lib/gcc/arm-none-eabi/10.3.1/thumb/v7-m/nofp/crtbegin.o
                0x0000000020000084                . = ALIGN (0x4)

.bss            0x0000000020000088      0x5b0 load address 0x0000000008006460
                0x0000000020000088                _sbss = .
                0x0000000020000088                __bss_start__ = _sbss
 *(.bss)
 .bss           0x0000000020000088       0x1c c:/productivity/stmicroelectronics/stm32cubeide_1.7.0/stm32cubeide/plugins/com.st.stm32cube.ide.mcu.externaltools.gnu-tools-for-stm32.10.3-2021.10.win32_1.0.0.202111181127/tools/bin/../lib/gcc/arm-none-eabi/10.3.1/thumb/v7-m/nofp/crtbegin.o
 *(.bss*)
 .bss.hi2c2     0x00000000200000a4       0x54 ./Core/Src/main.o
                0x00000000200000a4                hi2c2
 .bss.htim1     0x00000000200000f8       0x48 ./Core/Src/main.o
                0x00000000200000f8                htim1
 .bss.htim2     0x0000000020000140       0x48 ./Core/Src/main.o
                0x0000000020000140                htim2
 .bss.clockmode
                0x0000000020000188        0x4 ./Core/Src/main.o
                0x0000000020000188                clockmode
 .bss.second    0x000000002000018c        0x4 ./Core/Src/main.o
                0x000000002000018c                second
 .bss.minute    0x0000000020000190        0x4 ./Core/Src/main.o
                0x0000000020000190                minute
 .bss.hour      0x0000000020000194        0x4 ./Core/Src/main.o
                0x0000000020000194                hour
 .bss.alarm1    0x0000000020000198        0xc ./Core/Src/main.o
                0x0000000020000198                alarm1
 .bss.alarm2    0x00000000200001a4        0xc ./Core/Src/main.o
                0x00000000200001a4                alarm2
 .bss.alarm3    0x00000000200001b0        0xc ./Core/Src/main.o
                0x00000000200001b0                alarm3
 .bss.alarm     0x00000000200001bc        0x4 ./Core/Src/main.o
                0x00000000200001bc                alarm
 .bss.line1     0x00000000200001c0        0xc ./Core/Src/main.o
                0x00000000200001c0                line1
 .bss.line2     0x00000000200001cc        0xc ./Core/Src/main.o
                0x00000000200001cc                line2
 .bss.line3     0x00000000200001d8        0xc ./Core/Src/main.o
                0x00000000200001d8                line3
 .bss.twinkle   0x00000000200001e4        0x4 ./Core/Src/main.o
                0x00000000200001e4                twinkle
 .bss.unit_time.3
                0x00000000200001e8        0x4 ./Core/Src/main.o
 .bss.unit_calendar.2
                0x00000000200001ec        0x4 ./Core/Src/main.o
 .bss.unit_alarm2.1
                0x00000000200001f0        0x4 ./Core/Src/main.o
 .bss.unit_alarm1.0
                0x00000000200001f4        0x4 ./Core/Src/main.o
 .bss.SSD1306_Buffer
                0x00000000200001f8      0x400 ./Core/Src/ssd1306.o
 .bss.SSD1306   0x00000000200005f8        0x6 ./Core/Src/ssd1306.o
 *fill*         0x00000000200005fe        0x2 
 .bss.__sbrk_heap_end
                0x0000000020000600        0x4 ./Core/Src/sysmem.o
 .bss.uwTick    0x0000000020000604        0x4 ./Drivers/STM32F1xx_HAL_Driver/Src/stm32f1xx_hal.o
                0x0000000020000604                uwTick
 .bss.pFlash    0x0000000020000608       0x20 ./Drivers/STM32F1xx_HAL_Driver/Src/stm32f1xx_hal_flash.o
                0x0000000020000608                pFlash
 .bss.__malloc_free_list
                0x0000000020000628        0x4 c:/productivity/stmicroelectronics/stm32cubeide_1.7.0/stm32cubeide/plugins/com.st.stm32cube.ide.mcu.externaltools.gnu-tools-for-stm32.10.3-2021.10.win32_1.0.0.202111181127/tools/bin/../lib/gcc/arm-none-eabi/10.3.1/../../../../arm-none-eabi/lib/thumb/v7-m/nofp\libc_nano.a(lib_a-nano-mallocr.o)
                0x0000000020000628                __malloc_free_list
 .bss.__malloc_sbrk_start
                0x000000002000062c        0x4 c:/productivity/stmicroelectronics/stm32cubeide_1.7.0/stm32cubeide/plugins/com.st.stm32cube.ide.mcu.externaltools.gnu-tools-for-stm32.10.3-2021.10.win32_1.0.0.202111181127/tools/bin/../lib/gcc/arm-none-eabi/10.3.1/../../../../arm-none-eabi/lib/thumb/v7-m/nofp\libc_nano.a(lib_a-nano-mallocr.o)
                0x000000002000062c                __malloc_sbrk_start
 .bss.errno     0x0000000020000630        0x4 c:/productivity/stmicroelectronics/stm32cubeide_1.7.0/stm32cubeide/plugins/com.st.stm32cube.ide.mcu.externaltools.gnu-tools-for-stm32.10.3-2021.10.win32_1.0.0.202111181127/tools/bin/../lib/gcc/arm-none-eabi/10.3.1/../../../../arm-none-eabi/lib/thumb/v7-m/nofp\libc_nano.a(lib_a-reent.o)
                0x0000000020000630                errno
 .bss.__lock___malloc_recursive_mutex
                0x0000000020000634        0x1 c:/productivity/stmicroelectronics/stm32cubeide_1.7.0/stm32cubeide/plugins/com.st.stm32cube.ide.mcu.externaltools.gnu-tools-for-stm32.10.3-2021.10.win32_1.0.0.202111181127/tools/bin/../lib/gcc/arm-none-eabi/10.3.1/../../../../arm-none-eabi/lib/thumb/v7-m/nofp\libc_nano.a(lib_a-lock.o)
                0x0000000020000634                __lock___malloc_recursive_mutex
 *(COMMON)
                0x0000000020000638                . = ALIGN (0x4)
 *fill*         0x0000000020000635        0x3 
                0x0000000020000638                _ebss = .
                0x0000000020000638                __bss_end__ = _ebss

._user_heap_stack
                0x0000000020000638      0x600 load address 0x0000000008006460
                0x0000000020000638                . = ALIGN (0x8)
                [!provide]                        PROVIDE (end = .)
                0x0000000020000638                PROVIDE (_end = .)
                0x0000000020000838                . = (. + _Min_Heap_Size)
 *fill*         0x0000000020000638      0x200 
                0x0000000020000c38                . = (. + _Min_Stack_Size)
 *fill*         0x0000000020000838      0x400 
                0x0000000020000c38                . = ALIGN (0x8)

/DISCARD/
 libc.a(*)
 libm.a(*)
 libgcc.a(*)

.ARM.attributes
                0x0000000000000000       0x29
 *(.ARM.attributes)
 .ARM.attributes
                0x0000000000000000       0x1d c:/productivity/stmicroelectronics/stm32cubeide_1.7.0/stm32cubeide/plugins/com.st.stm32cube.ide.mcu.externaltools.gnu-tools-for-stm32.10.3-2021.10.win32_1.0.0.202111181127/tools/bin/../lib/gcc/arm-none-eabi/10.3.1/thumb/v7-m/nofp/crti.o
 .ARM.attributes
                0x000000000000001d       0x2d c:/productivity/stmicroelectronics/stm32cubeide_1.7.0/stm32cubeide/plugins/com.st.stm32cube.ide.mcu.externaltools.gnu-tools-for-stm32.10.3-2021.10.win32_1.0.0.202111181127/tools/bin/../lib/gcc/arm-none-eabi/10.3.1/thumb/v7-m/nofp/crtbegin.o
 .ARM.attributes
                0x000000000000004a       0x2d ./Core/Src/main.o
 .ARM.attributes
                0x0000000000000077       0x2d ./Core/Src/ssd1306.o
 .ARM.attributes
                0x00000000000000a4       0x2d ./Core/Src/ssd1306_fonts.o
 .ARM.attributes
                0x00000000000000d1       0x2d ./Core/Src/stm32f1xx_hal_msp.o
 .ARM.attributes
                0x00000000000000fe       0x2d ./Core/Src/stm32f1xx_it.o
 .ARM.attributes
                0x000000000000012b       0x2d ./Core/Src/sysmem.o
 .ARM.attributes
                0x0000000000000158       0x2d ./Core/Src/system_stm32f1xx.o
 .ARM.attributes
                0x0000000000000185       0x21 ./Core/Startup/startup_stm32f103vbtx.o
 .ARM.attributes
                0x00000000000001a6       0x2d ./Drivers/STM32F1xx_HAL_Driver/Src/stm32f1xx_hal.o
 .ARM.attributes
                0x00000000000001d3       0x2d ./Drivers/STM32F1xx_HAL_Driver/Src/stm32f1xx_hal_cortex.o
 .ARM.attributes
                0x0000000000000200       0x2d ./Drivers/STM32F1xx_HAL_Driver/Src/stm32f1xx_hal_flash.o
 .ARM.attributes
                0x000000000000022d       0x2d ./Drivers/STM32F1xx_HAL_Driver/Src/stm32f1xx_hal_flash_ex.o
 .ARM.attributes
                0x000000000000025a       0x2d ./Drivers/STM32F1xx_HAL_Driver/Src/stm32f1xx_hal_gpio.o
 .ARM.attributes
                0x0000000000000287       0x2d ./Drivers/STM32F1xx_HAL_Driver/Src/stm32f1xx_hal_i2c.o
 .ARM.attributes
                0x00000000000002b4       0x2d ./Drivers/STM32F1xx_HAL_Driver/Src/stm32f1xx_hal_rcc.o
 .ARM.attributes
                0x00000000000002e1       0x2d ./Drivers/STM32F1xx_HAL_Driver/Src/stm32f1xx_hal_tim.o
 .ARM.attributes
                0x000000000000030e       0x2d ./Drivers/STM32F1xx_HAL_Driver/Src/stm32f1xx_hal_tim_ex.o
 .ARM.attributes
                0x000000000000033b       0x2d c:/productivity/stmicroelectronics/stm32cubeide_1.7.0/stm32cubeide/plugins/com.st.stm32cube.ide.mcu.externaltools.gnu-tools-for-stm32.10.3-2021.10.win32_1.0.0.202111181127/tools/bin/../lib/gcc/arm-none-eabi/10.3.1/../../../../arm-none-eabi/lib/thumb/v7-m/nofp\libc_nano.a(lib_a-errno.o)
 .ARM.attributes
                0x0000000000000368       0x2d c:/productivity/stmicroelectronics/stm32cubeide_1.7.0/stm32cubeide/plugins/com.st.stm32cube.ide.mcu.externaltools.gnu-tools-for-stm32.10.3-2021.10.win32_1.0.0.202111181127/tools/bin/../lib/gcc/arm-none-eabi/10.3.1/../../../../arm-none-eabi/lib/thumb/v7-m/nofp\libc_nano.a(lib_a-impure.o)
 .ARM.attributes
                0x0000000000000395       0x2d c:/productivity/stmicroelectronics/stm32cubeide_1.7.0/stm32cubeide/plugins/com.st.stm32cube.ide.mcu.externaltools.gnu-tools-for-stm32.10.3-2021.10.win32_1.0.0.202111181127/tools/bin/../lib/gcc/arm-none-eabi/10.3.1/../../../../arm-none-eabi/lib/thumb/v7-m/nofp\libc_nano.a(lib_a-init.o)
 .ARM.attributes
                0x00000000000003c2       0x2d c:/productivity/stmicroelectronics/stm32cubeide_1.7.0/stm32cubeide/plugins/com.st.stm32cube.ide.mcu.externaltools.gnu-tools-for-stm32.10.3-2021.10.win32_1.0.0.202111181127/tools/bin/../lib/gcc/arm-none-eabi/10.3.1/../../../../arm-none-eabi/lib/thumb/v7-m/nofp\libc_nano.a(lib_a-memcpy-stub.o)
 .ARM.attributes
                0x00000000000003ef       0x2d c:/productivity/stmicroelectronics/stm32cubeide_1.7.0/stm32cubeide/plugins/com.st.stm32cube.ide.mcu.externaltools.gnu-tools-for-stm32.10.3-2021.10.win32_1.0.0.202111181127/tools/bin/../lib/gcc/arm-none-eabi/10.3.1/../../../../arm-none-eabi/lib/thumb/v7-m/nofp\libc_nano.a(lib_a-memmove.o)
 .ARM.attributes
                0x000000000000041c       0x2d c:/productivity/stmicroelectronics/stm32cubeide_1.7.0/stm32cubeide/plugins/com.st.stm32cube.ide.mcu.externaltools.gnu-tools-for-stm32.10.3-2021.10.win32_1.0.0.202111181127/tools/bin/../lib/gcc/arm-none-eabi/10.3.1/../../../../arm-none-eabi/lib/thumb/v7-m/nofp\libc_nano.a(lib_a-memset.o)
 .ARM.attributes
                0x0000000000000449       0x2d c:/productivity/stmicroelectronics/stm32cubeide_1.7.0/stm32cubeide/plugins/com.st.stm32cube.ide.mcu.externaltools.gnu-tools-for-stm32.10.3-2021.10.win32_1.0.0.202111181127/tools/bin/../lib/gcc/arm-none-eabi/10.3.1/../../../../arm-none-eabi/lib/thumb/v7-m/nofp\libc_nano.a(lib_a-sprintf.o)
 .ARM.attributes
                0x0000000000000476       0x2d c:/productivity/stmicroelectronics/stm32cubeide_1.7.0/stm32cubeide/plugins/com.st.stm32cube.ide.mcu.externaltools.gnu-tools-for-stm32.10.3-2021.10.win32_1.0.0.202111181127/tools/bin/../lib/gcc/arm-none-eabi/10.3.1/../../../../arm-none-eabi/lib/thumb/v7-m/nofp\libc_nano.a(lib_a-nano-svfprintf.o)
 .ARM.attributes
                0x00000000000004a3       0x2d c:/productivity/stmicroelectronics/stm32cubeide_1.7.0/stm32cubeide/plugins/com.st.stm32cube.ide.mcu.externaltools.gnu-tools-for-stm32.10.3-2021.10.win32_1.0.0.202111181127/tools/bin/../lib/gcc/arm-none-eabi/10.3.1/../../../../arm-none-eabi/lib/thumb/v7-m/nofp\libc_nano.a(lib_a-nano-vfprintf_i.o)
 .ARM.attributes
                0x00000000000004d0       0x2d c:/productivity/stmicroelectronics/stm32cubeide_1.7.0/stm32cubeide/plugins/com.st.stm32cube.ide.mcu.externaltools.gnu-tools-for-stm32.10.3-2021.10.win32_1.0.0.202111181127/tools/bin/../lib/gcc/arm-none-eabi/10.3.1/../../../../arm-none-eabi/lib/thumb/v7-m/nofp\libc_nano.a(lib_a-memchr-stub.o)
 .ARM.attributes
                0x00000000000004fd       0x2d c:/productivity/stmicroelectronics/stm32cubeide_1.7.0/stm32cubeide/plugins/com.st.stm32cube.ide.mcu.externaltools.gnu-tools-for-stm32.10.3-2021.10.win32_1.0.0.202111181127/tools/bin/../lib/gcc/arm-none-eabi/10.3.1/../../../../arm-none-eabi/lib/thumb/v7-m/nofp\libc_nano.a(lib_a-nano-freer.o)
 .ARM.attributes
                0x000000000000052a       0x2d c:/productivity/stmicroelectronics/stm32cubeide_1.7.0/stm32cubeide/plugins/com.st.stm32cube.ide.mcu.externaltools.gnu-tools-for-stm32.10.3-2021.10.win32_1.0.0.202111181127/tools/bin/../lib/gcc/arm-none-eabi/10.3.1/../../../../arm-none-eabi/lib/thumb/v7-m/nofp\libc_nano.a(lib_a-nano-mallocr.o)
 .ARM.attributes
                0x0000000000000557       0x2d c:/productivity/stmicroelectronics/stm32cubeide_1.7.0/stm32cubeide/plugins/com.st.stm32cube.ide.mcu.externaltools.gnu-tools-for-stm32.10.3-2021.10.win32_1.0.0.202111181127/tools/bin/../lib/gcc/arm-none-eabi/10.3.1/../../../../arm-none-eabi/lib/thumb/v7-m/nofp\libc_nano.a(lib_a-nano-reallocr.o)
 .ARM.attributes
                0x0000000000000584       0x2d c:/productivity/stmicroelectronics/stm32cubeide_1.7.0/stm32cubeide/plugins/com.st.stm32cube.ide.mcu.externaltools.gnu-tools-for-stm32.10.3-2021.10.win32_1.0.0.202111181127/tools/bin/../lib/gcc/arm-none-eabi/10.3.1/../../../../arm-none-eabi/lib/thumb/v7-m/nofp\libc_nano.a(lib_a-sbrkr.o)
 .ARM.attributes
                0x00000000000005b1       0x2d c:/productivity/stmicroelectronics/stm32cubeide_1.7.0/stm32cubeide/plugins/com.st.stm32cube.ide.mcu.externaltools.gnu-tools-for-stm32.10.3-2021.10.win32_1.0.0.202111181127/tools/bin/../lib/gcc/arm-none-eabi/10.3.1/../../../../arm-none-eabi/lib/thumb/v7-m/nofp\libc_nano.a(lib_a-mlock.o)
 .ARM.attributes
                0x00000000000005de       0x2d c:/productivity/stmicroelectronics/stm32cubeide_1.7.0/stm32cubeide/plugins/com.st.stm32cube.ide.mcu.externaltools.gnu-tools-for-stm32.10.3-2021.10.win32_1.0.0.202111181127/tools/bin/../lib/gcc/arm-none-eabi/10.3.1/../../../../arm-none-eabi/lib/thumb/v7-m/nofp\libc_nano.a(lib_a-nano-msizer.o)
 .ARM.attributes
                0x000000000000060b       0x2d c:/productivity/stmicroelectronics/stm32cubeide_1.7.0/stm32cubeide/plugins/com.st.stm32cube.ide.mcu.externaltools.gnu-tools-for-stm32.10.3-2021.10.win32_1.0.0.202111181127/tools/bin/../lib/gcc/arm-none-eabi/10.3.1/../../../../arm-none-eabi/lib/thumb/v7-m/nofp\libc_nano.a(lib_a-reent.o)
 .ARM.attributes
                0x0000000000000638       0x2d c:/productivity/stmicroelectronics/stm32cubeide_1.7.0/stm32cubeide/plugins/com.st.stm32cube.ide.mcu.externaltools.gnu-tools-for-stm32.10.3-2021.10.win32_1.0.0.202111181127/tools/bin/../lib/gcc/arm-none-eabi/10.3.1/../../../../arm-none-eabi/lib/thumb/v7-m/nofp\libc_nano.a(lib_a-lock.o)
 .ARM.attributes
                0x0000000000000665       0x1d c:/productivity/stmicroelectronics/stm32cubeide_1.7.0/stm32cubeide/plugins/com.st.stm32cube.ide.mcu.externaltools.gnu-tools-for-stm32.10.3-2021.10.win32_1.0.0.202111181127/tools/bin/../lib/gcc/arm-none-eabi/10.3.1/thumb/v7-m/nofp/crtn.o
OUTPUT(Clock.elf elf32-littlearm)
LOAD linker stubs
LOAD c:/productivity/stmicroelectronics/stm32cubeide_1.7.0/stm32cubeide/plugins/com.st.stm32cube.ide.mcu.externaltools.gnu-tools-for-stm32.10.3-2021.10.win32_1.0.0.202111181127/tools/bin/../lib/gcc/arm-none-eabi/10.3.1/../../../../arm-none-eabi/lib/thumb/v7-m/nofp\libc.a
LOAD c:/productivity/stmicroelectronics/stm32cubeide_1.7.0/stm32cubeide/plugins/com.st.stm32cube.ide.mcu.externaltools.gnu-tools-for-stm32.10.3-2021.10.win32_1.0.0.202111181127/tools/bin/../lib/gcc/arm-none-eabi/10.3.1/../../../../arm-none-eabi/lib/thumb/v7-m/nofp\libm.a
LOAD c:/productivity/stmicroelectronics/stm32cubeide_1.7.0/stm32cubeide/plugins/com.st.stm32cube.ide.mcu.externaltools.gnu-tools-for-stm32.10.3-2021.10.win32_1.0.0.202111181127/tools/bin/../lib/gcc/arm-none-eabi/10.3.1/thumb/v7-m/nofp\libgcc.a

.debug_info     0x0000000000000000     0xd4aa
 .debug_info    0x0000000000000000     0x1633 ./Core/Src/main.o
 .debug_info    0x0000000000001633      0xf69 ./Core/Src/ssd1306.o
 .debug_info    0x000000000000259c      0x1f2 ./Core/Src/ssd1306_fonts.o
 .debug_info    0x000000000000278e      0xe18 ./Core/Src/stm32f1xx_hal_msp.o
 .debug_info    0x00000000000035a6      0x71a ./Core/Src/stm32f1xx_it.o
 .debug_info    0x0000000000003cc0      0x171 ./Core/Src/sysmem.o
 .debug_info    0x0000000000003e31      0x23d ./Core/Src/system_stm32f1xx.o
 .debug_info    0x000000000000406e       0x22 ./Core/Startup/startup_stm32f103vbtx.o
 .debug_info    0x0000000000004090      0x734 ./Drivers/STM32F1xx_HAL_Driver/Src/stm32f1xx_hal.o
 .debug_info    0x00000000000047c4      0xb20 ./Drivers/STM32F1xx_HAL_Driver/Src/stm32f1xx_hal_cortex.o
 .debug_info    0x00000000000052e4      0x547 ./Drivers/STM32F1xx_HAL_Driver/Src/stm32f1xx_hal_flash.o
 .debug_info    0x000000000000582b      0x7e5 ./Drivers/STM32F1xx_HAL_Driver/Src/stm32f1xx_hal_flash_ex.o
 .debug_info    0x0000000000006010      0x615 ./Drivers/STM32F1xx_HAL_Driver/Src/stm32f1xx_hal_gpio.o
 .debug_info    0x0000000000006625     0x2734 ./Drivers/STM32F1xx_HAL_Driver/Src/stm32f1xx_hal_i2c.o
 .debug_info    0x0000000000008d59      0x860 ./Drivers/STM32F1xx_HAL_Driver/Src/stm32f1xx_hal_rcc.o
 .debug_info    0x00000000000095b9     0x29de ./Drivers/STM32F1xx_HAL_Driver/Src/stm32f1xx_hal_tim.o
 .debug_info    0x000000000000bf97     0x1513 ./Drivers/STM32F1xx_HAL_Driver/Src/stm32f1xx_hal_tim_ex.o

.debug_abbrev   0x0000000000000000     0x2237
 .debug_abbrev  0x0000000000000000      0x3c6 ./Core/Src/main.o
 .debug_abbrev  0x00000000000003c6      0x34f ./Core/Src/ssd1306.o
 .debug_abbrev  0x0000000000000715       0xbe ./Core/Src/ssd1306_fonts.o
 .debug_abbrev  0x00000000000007d3      0x1c5 ./Core/Src/stm32f1xx_hal_msp.o
 .debug_abbrev  0x0000000000000998      0x184 ./Core/Src/stm32f1xx_it.o
 .debug_abbrev  0x0000000000000b1c       0xbb ./Core/Src/sysmem.o
 .debug_abbrev  0x0000000000000bd7      0x13b ./Core/Src/system_stm32f1xx.o
 .debug_abbrev  0x0000000000000d12       0x12 ./Core/Startup/startup_stm32f103vbtx.o
 .debug_abbrev  0x0000000000000d24      0x1fb ./Drivers/STM32F1xx_HAL_Driver/Src/stm32f1xx_hal.o
 .debug_abbrev  0x0000000000000f1f      0x2ed ./Drivers/STM32F1xx_HAL_Driver/Src/stm32f1xx_hal_cortex.o
 .debug_abbrev  0x000000000000120c      0x243 ./Drivers/STM32F1xx_HAL_Driver/Src/stm32f1xx_hal_flash.o
 .debug_abbrev  0x000000000000144f      0x23b ./Drivers/STM32F1xx_HAL_Driver/Src/stm32f1xx_hal_flash_ex.o
 .debug_abbrev  0x000000000000168a      0x1bb ./Drivers/STM32F1xx_HAL_Driver/Src/stm32f1xx_hal_gpio.o
 .debug_abbrev  0x0000000000001845      0x288 ./Drivers/STM32F1xx_HAL_Driver/Src/stm32f1xx_hal_i2c.o
 .debug_abbrev  0x0000000000001acd      0x2a8 ./Drivers/STM32F1xx_HAL_Driver/Src/stm32f1xx_hal_rcc.o
 .debug_abbrev  0x0000000000001d75      0x25d ./Drivers/STM32F1xx_HAL_Driver/Src/stm32f1xx_hal_tim.o
 .debug_abbrev  0x0000000000001fd2      0x265 ./Drivers/STM32F1xx_HAL_Driver/Src/stm32f1xx_hal_tim_ex.o

.debug_aranges  0x0000000000000000      0xe80
 .debug_aranges
                0x0000000000000000       0xb8 ./Core/Src/main.o
 .debug_aranges
                0x00000000000000b8       0xc8 ./Core/Src/ssd1306.o
 .debug_aranges
                0x0000000000000180       0x18 ./Core/Src/ssd1306_fonts.o
 .debug_aranges
                0x0000000000000198       0x40 ./Core/Src/stm32f1xx_hal_msp.o
 .debug_aranges
                0x00000000000001d8       0x78 ./Core/Src/stm32f1xx_it.o
 .debug_aranges
                0x0000000000000250       0x20 ./Core/Src/sysmem.o
 .debug_aranges
                0x0000000000000270       0x28 ./Core/Src/system_stm32f1xx.o
 .debug_aranges
                0x0000000000000298       0x28 ./Core/Startup/startup_stm32f103vbtx.o
 .debug_aranges
                0x00000000000002c0       0xe0 ./Drivers/STM32F1xx_HAL_Driver/Src/stm32f1xx_hal.o
 .debug_aranges
                0x00000000000003a0      0x100 ./Drivers/STM32F1xx_HAL_Driver/Src/stm32f1xx_hal_cortex.o
 .debug_aranges
                0x00000000000004a0       0x88 ./Drivers/STM32F1xx_HAL_Driver/Src/stm32f1xx_hal_flash.o
 .debug_aranges
                0x0000000000000528       0x98 ./Drivers/STM32F1xx_HAL_Driver/Src/stm32f1xx_hal_flash_ex.o
 .debug_aranges
                0x00000000000005c0       0x58 ./Drivers/STM32F1xx_HAL_Driver/Src/stm32f1xx_hal_gpio.o
 .debug_aranges
                0x0000000000000618      0x2a0 ./Drivers/STM32F1xx_HAL_Driver/Src/stm32f1xx_hal_i2c.o
 .debug_aranges
                0x00000000000008b8       0x90 ./Drivers/STM32F1xx_HAL_Driver/Src/stm32f1xx_hal_rcc.o
 .debug_aranges
                0x0000000000000948      0x3d0 ./Drivers/STM32F1xx_HAL_Driver/Src/stm32f1xx_hal_tim.o
 .debug_aranges
                0x0000000000000d18      0x168 ./Drivers/STM32F1xx_HAL_Driver/Src/stm32f1xx_hal_tim_ex.o

.debug_ranges   0x0000000000000000      0xd98
 .debug_ranges  0x0000000000000000       0xa8 ./Core/Src/main.o
 .debug_ranges  0x00000000000000a8       0xb8 ./Core/Src/ssd1306.o
 .debug_ranges  0x0000000000000160       0x30 ./Core/Src/stm32f1xx_hal_msp.o
 .debug_ranges  0x0000000000000190       0x68 ./Core/Src/stm32f1xx_it.o
 .debug_ranges  0x00000000000001f8       0x10 ./Core/Src/sysmem.o
 .debug_ranges  0x0000000000000208       0x18 ./Core/Src/system_stm32f1xx.o
 .debug_ranges  0x0000000000000220       0x20 ./Core/Startup/startup_stm32f103vbtx.o
 .debug_ranges  0x0000000000000240       0xd0 ./Drivers/STM32F1xx_HAL_Driver/Src/stm32f1xx_hal.o
 .debug_ranges  0x0000000000000310       0xf0 ./Drivers/STM32F1xx_HAL_Driver/Src/stm32f1xx_hal_cortex.o
 .debug_ranges  0x0000000000000400       0x78 ./Drivers/STM32F1xx_HAL_Driver/Src/stm32f1xx_hal_flash.o
 .debug_ranges  0x0000000000000478       0x88 ./Drivers/STM32F1xx_HAL_Driver/Src/stm32f1xx_hal_flash_ex.o
 .debug_ranges  0x0000000000000500       0x48 ./Drivers/STM32F1xx_HAL_Driver/Src/stm32f1xx_hal_gpio.o
 .debug_ranges  0x0000000000000548      0x2b8 ./Drivers/STM32F1xx_HAL_Driver/Src/stm32f1xx_hal_i2c.o
 .debug_ranges  0x0000000000000800       0x80 ./Drivers/STM32F1xx_HAL_Driver/Src/stm32f1xx_hal_rcc.o
 .debug_ranges  0x0000000000000880      0x3c0 ./Drivers/STM32F1xx_HAL_Driver/Src/stm32f1xx_hal_tim.o
 .debug_ranges  0x0000000000000c40      0x158 ./Drivers/STM32F1xx_HAL_Driver/Src/stm32f1xx_hal_tim_ex.o

.debug_macro    0x0000000000000000    0x184be
 .debug_macro   0x0000000000000000      0x34a ./Core/Src/main.o
 .debug_macro   0x000000000000034a      0xa6c ./Core/Src/main.o
 .debug_macro   0x0000000000000db6      0x21b ./Core/Src/main.o
 .debug_macro   0x0000000000000fd1       0x2e ./Core/Src/main.o
 .debug_macro   0x0000000000000fff       0x22 ./Core/Src/main.o
 .debug_macro   0x0000000000001021       0x22 ./Core/Src/main.o
 .debug_macro   0x0000000000001043       0x8e ./Core/Src/main.o
 .debug_macro   0x00000000000010d1       0x51 ./Core/Src/main.o
 .debug_macro   0x0000000000001122      0x103 ./Core/Src/main.o
 .debug_macro   0x0000000000001225       0x6a ./Core/Src/main.o
 .debug_macro   0x000000000000128f      0x1df ./Core/Src/main.o
 .debug_macro   0x000000000000146e       0x1c ./Core/Src/main.o
 .debug_macro   0x000000000000148a       0x22 ./Core/Src/main.o
 .debug_macro   0x00000000000014ac       0xbd ./Core/Src/main.o
 .debug_macro   0x0000000000001569      0xd23 ./Core/Src/main.o
 .debug_macro   0x000000000000228c     0xe09e ./Core/Src/main.o
 .debug_macro   0x000000000001032a       0x6d ./Core/Src/main.o
 .debug_macro   0x0000000000010397     0x3468 ./Core/Src/main.o
 .debug_macro   0x00000000000137ff      0x174 ./Core/Src/main.o
 .debug_macro   0x0000000000013973       0x5c ./Core/Src/main.o
 .debug_macro   0x00000000000139cf      0x5be ./Core/Src/main.o
 .debug_macro   0x0000000000013f8d      0x289 ./Core/Src/main.o
 .debug_macro   0x0000000000014216      0x1cb ./Core/Src/main.o
 .debug_macro   0x00000000000143e1      0x114 ./Core/Src/main.o
 .debug_macro   0x00000000000144f5      0x1b2 ./Core/Src/main.o
 .debug_macro   0x00000000000146a7       0x27 ./Core/Src/main.o
 .debug_macro   0x00000000000146ce      0x136 ./Core/Src/main.o
 .debug_macro   0x0000000000014804      0x1bc ./Core/Src/main.o
 .debug_macro   0x00000000000149c0       0x34 ./Core/Src/main.o
 .debug_macro   0x00000000000149f4       0x3c ./Core/Src/main.o
 .debug_macro   0x0000000000014a30       0x57 ./Core/Src/main.o
 .debug_macro   0x0000000000014a87       0x88 ./Core/Src/main.o
 .debug_macro   0x0000000000014b0f      0x241 ./Core/Src/main.o
 .debug_macro   0x0000000000014d50      0x287 ./Core/Src/main.o
 .debug_macro   0x0000000000014fd7      0x141 ./Core/Src/main.o
 .debug_macro   0x0000000000015118      0x8d1 ./Core/Src/main.o
 .debug_macro   0x00000000000159e9       0x83 ./Core/Src/main.o
 .debug_macro   0x0000000000015a6c       0x34 ./Core/Src/main.o
 .debug_macro   0x0000000000015aa0       0x52 ./Core/Src/main.o
 .debug_macro   0x0000000000015af2       0x18 ./Core/Src/main.o
 .debug_macro   0x0000000000015b0a       0x3c ./Core/Src/main.o
 .debug_macro   0x0000000000015b46       0x34 ./Core/Src/main.o
 .debug_macro   0x0000000000015b7a       0x3a ./Core/Src/main.o
 .debug_macro   0x0000000000015bb4       0x40 ./Core/Src/main.o
 .debug_macro   0x0000000000015bf4       0x22 ./Core/Src/main.o
 .debug_macro   0x0000000000015c16       0x16 ./Core/Src/main.o
 .debug_macro   0x0000000000015c2c       0x35 ./Core/Src/main.o
 .debug_macro   0x0000000000015c61      0x341 ./Core/Src/main.o
 .debug_macro   0x0000000000015fa2       0x10 ./Core/Src/main.o
 .debug_macro   0x0000000000015fb2       0x16 ./Core/Src/main.o
 .debug_macro   0x0000000000015fc8       0x43 ./Core/Src/main.o
 .debug_macro   0x000000000001600b       0x34 ./Core/Src/main.o
 .debug_macro   0x000000000001603f       0x10 ./Core/Src/main.o
 .debug_macro   0x000000000001604f       0x58 ./Core/Src/main.o
 .debug_macro   0x00000000000160a7       0x71 ./Core/Src/main.o
 .debug_macro   0x0000000000016118       0x1c ./Core/Src/main.o
 .debug_macro   0x0000000000016134      0x12a ./Core/Src/main.o
 .debug_macro   0x000000000001625e       0x10 ./Core/Src/main.o
 .debug_macro   0x000000000001626e       0x1c ./Core/Src/main.o
 .debug_macro   0x000000000001628a       0x52 ./Core/Src/main.o
 .debug_macro   0x00000000000162dc       0x22 ./Core/Src/main.o
 .debug_macro   0x00000000000162fe       0x10 ./Core/Src/main.o
 .debug_macro   0x000000000001630e       0x52 ./Core/Src/main.o
 .debug_macro   0x0000000000016360       0xd5 ./Core/Src/main.o
 .debug_macro   0x0000000000016435       0x1c ./Core/Src/main.o
 .debug_macro   0x0000000000016451       0x3d ./Core/Src/main.o
 .debug_macro   0x000000000001648e       0x16 ./Core/Src/main.o
 .debug_macro   0x00000000000164a4      0x145 ./Core/Src/main.o
 .debug_macro   0x00000000000165e9      0x2d9 ./Core/Src/ssd1306.o
 .debug_macro   0x00000000000168c2       0x4c ./Core/Src/ssd1306.o
 .debug_macro   0x000000000001690e       0x94 ./Core/Src/ssd1306.o
 .debug_macro   0x00000000000169a2       0x28 ./Core/Src/ssd1306.o
 .debug_macro   0x00000000000169ca       0x57 ./Core/Src/ssd1306.o
 .debug_macro   0x0000000000016a21      0x19b ./Core/Src/ssd1306.o
 .debug_macro   0x0000000000016bbc       0x16 ./Core/Src/ssd1306.o
 .debug_macro   0x0000000000016bd2       0x16 ./Core/Src/ssd1306.o
 .debug_macro   0x0000000000016be8       0x29 ./Core/Src/ssd1306.o
 .debug_macro   0x0000000000016c11       0x16 ./Core/Src/ssd1306.o
 .debug_macro   0x0000000000016c27       0x20 ./Core/Src/ssd1306.o
 .debug_macro   0x0000000000016c47       0x76 ./Core/Src/ssd1306_fonts.o
 .debug_macro   0x0000000000016cbd      0x1b2 ./Core/Src/stm32f1xx_hal_msp.o
 .debug_macro   0x0000000000016e6f      0x1bc ./Core/Src/stm32f1xx_it.o
 .debug_macro   0x000000000001702b       0xff ./Core/Src/sysmem.o
 .debug_macro   0x000000000001712a      0x23b ./Core/Src/sysmem.o
 .debug_macro   0x0000000000017365      0x1a3 ./Core/Src/system_stm32f1xx.o
 .debug_macro   0x0000000000017508      0x1c7 ./Drivers/STM32F1xx_HAL_Driver/Src/stm32f1xx_hal.o
 .debug_macro   0x00000000000176cf      0x1a3 ./Drivers/STM32F1xx_HAL_Driver/Src/stm32f1xx_hal_cortex.o
 .debug_macro   0x0000000000017872      0x1a3 ./Drivers/STM32F1xx_HAL_Driver/Src/stm32f1xx_hal_flash.o
 .debug_macro   0x0000000000017a15      0x1b5 ./Drivers/STM32F1xx_HAL_Driver/Src/stm32f1xx_hal_flash_ex.o
 .debug_macro   0x0000000000017bca      0x20e ./Drivers/STM32F1xx_HAL_Driver/Src/stm32f1xx_hal_gpio.o
 .debug_macro   0x0000000000017dd8      0x1ea ./Drivers/STM32F1xx_HAL_Driver/Src/stm32f1xx_hal_i2c.o
 .debug_macro   0x0000000000017fc2      0x1b5 ./Drivers/STM32F1xx_HAL_Driver/Src/stm32f1xx_hal_rcc.o
 .debug_macro   0x0000000000018177      0x1a4 ./Drivers/STM32F1xx_HAL_Driver/Src/stm32f1xx_hal_tim.o
 .debug_macro   0x000000000001831b      0x1a3 ./Drivers/STM32F1xx_HAL_Driver/Src/stm32f1xx_hal_tim_ex.o

.debug_line     0x0000000000000000    0x12811
 .debug_line    0x0000000000000000     0x1a42 ./Core/Src/main.o
 .debug_line    0x0000000000001a42     0x1064 ./Core/Src/ssd1306.o
 .debug_line    0x0000000000002aa6      0x569 ./Core/Src/ssd1306_fonts.o
 .debug_line    0x000000000000300f      0x8e5 ./Core/Src/stm32f1xx_hal_msp.o
 .debug_line    0x00000000000038f4      0x943 ./Core/Src/stm32f1xx_it.o
 .debug_line    0x0000000000004237      0x79a ./Core/Src/sysmem.o
 .debug_line    0x00000000000049d1      0x8b7 ./Core/Src/system_stm32f1xx.o
 .debug_line    0x0000000000005288       0x87 ./Core/Startup/startup_stm32f103vbtx.o
 .debug_line    0x000000000000530f      0xae4 ./Drivers/STM32F1xx_HAL_Driver/Src/stm32f1xx_hal.o
 .debug_line    0x0000000000005df3      0xccc ./Drivers/STM32F1xx_HAL_Driver/Src/stm32f1xx_hal_cortex.o
 .debug_line    0x0000000000006abf      0xbc1 ./Drivers/STM32F1xx_HAL_Driver/Src/stm32f1xx_hal_flash.o
 .debug_line    0x0000000000007680      0xcb0 ./Drivers/STM32F1xx_HAL_Driver/Src/stm32f1xx_hal_flash_ex.o
 .debug_line    0x0000000000008330      0xb7b ./Drivers/STM32F1xx_HAL_Driver/Src/stm32f1xx_hal_gpio.o
 .debug_line    0x0000000000008eab     0x3bce ./Drivers/STM32F1xx_HAL_Driver/Src/stm32f1xx_hal_i2c.o
 .debug_line    0x000000000000ca79      0xef2 ./Drivers/STM32F1xx_HAL_Driver/Src/stm32f1xx_hal_rcc.o
 .debug_line    0x000000000000d96b     0x349a ./Drivers/STM32F1xx_HAL_Driver/Src/stm32f1xx_hal_tim.o
 .debug_line    0x0000000000010e05     0x1a0c ./Drivers/STM32F1xx_HAL_Driver/Src/stm32f1xx_hal_tim_ex.o

.debug_str      0x0000000000000000    0x8bd6e
 .debug_str     0x0000000000000000    0x87a19 ./Core/Src/main.o
                                      0x87e9e (size before relaxing)
 .debug_str     0x0000000000087a19      0xc6e ./Core/Src/ssd1306.o
                                      0x8709c (size before relaxing)
 .debug_str     0x0000000000088687       0x5f ./Core/Src/ssd1306_fonts.o
                                       0x3d17 (size before relaxing)
 .debug_str     0x00000000000886e6      0x371 ./Core/Src/stm32f1xx_hal_msp.o
                                      0x83b76 (size before relaxing)
 .debug_str     0x0000000000088a57       0xec ./Core/Src/stm32f1xx_it.o
                                      0x83577 (size before relaxing)
 .debug_str     0x0000000000088b43      0x4da ./Core/Src/sysmem.o
                                       0x5d40 (size before relaxing)
 .debug_str     0x000000000008901d       0x7e ./Core/Src/system_stm32f1xx.o
                                      0x82fd3 (size before relaxing)
 .debug_str     0x000000000008909b       0x36 ./Core/Startup/startup_stm32f103vbtx.o
                                         0x5a (size before relaxing)
 .debug_str     0x00000000000890d1      0x384 ./Drivers/STM32F1xx_HAL_Driver/Src/stm32f1xx_hal.o
                                      0x83706 (size before relaxing)
 .debug_str     0x0000000000089455      0x28a ./Drivers/STM32F1xx_HAL_Driver/Src/stm32f1xx_hal_cortex.o
                                      0x83652 (size before relaxing)
 .debug_str     0x00000000000896df      0x259 ./Drivers/STM32F1xx_HAL_Driver/Src/stm32f1xx_hal_flash.o
                                      0x832ae (size before relaxing)
 .debug_str     0x0000000000089938      0x2fc ./Drivers/STM32F1xx_HAL_Driver/Src/stm32f1xx_hal_flash_ex.o
                                      0x8345c (size before relaxing)
 .debug_str     0x0000000000089c34      0x2c2 ./Drivers/STM32F1xx_HAL_Driver/Src/stm32f1xx_hal_gpio.o
                                      0x83359 (size before relaxing)
 .debug_str     0x0000000000089ef6      0xb6a ./Drivers/STM32F1xx_HAL_Driver/Src/stm32f1xx_hal_i2c.o
                                      0x84047 (size before relaxing)
 .debug_str     0x000000000008aa60      0x209 ./Drivers/STM32F1xx_HAL_Driver/Src/stm32f1xx_hal_rcc.o
                                      0x83402 (size before relaxing)
 .debug_str     0x000000000008ac69      0xd24 ./Drivers/STM32F1xx_HAL_Driver/Src/stm32f1xx_hal_tim.o
                                      0x843ed (size before relaxing)
 .debug_str     0x000000000008b98d      0x3e1 ./Drivers/STM32F1xx_HAL_Driver/Src/stm32f1xx_hal_tim_ex.o
                                      0x83c09 (size before relaxing)

.comment        0x0000000000000000       0x50
 .comment       0x0000000000000000       0x50 ./Core/Src/main.o
                                         0x51 (size before relaxing)
 .comment       0x0000000000000050       0x51 ./Core/Src/ssd1306.o
 .comment       0x0000000000000050       0x51 ./Core/Src/ssd1306_fonts.o
 .comment       0x0000000000000050       0x51 ./Core/Src/stm32f1xx_hal_msp.o
 .comment       0x0000000000000050       0x51 ./Core/Src/stm32f1xx_it.o
 .comment       0x0000000000000050       0x51 ./Core/Src/sysmem.o
 .comment       0x0000000000000050       0x51 ./Core/Src/system_stm32f1xx.o
 .comment       0x0000000000000050       0x51 ./Drivers/STM32F1xx_HAL_Driver/Src/stm32f1xx_hal.o
 .comment       0x0000000000000050       0x51 ./Drivers/STM32F1xx_HAL_Driver/Src/stm32f1xx_hal_cortex.o
 .comment       0x0000000000000050       0x51 ./Drivers/STM32F1xx_HAL_Driver/Src/stm32f1xx_hal_flash.o
 .comment       0x0000000000000050       0x51 ./Drivers/STM32F1xx_HAL_Driver/Src/stm32f1xx_hal_flash_ex.o
 .comment       0x0000000000000050       0x51 ./Drivers/STM32F1xx_HAL_Driver/Src/stm32f1xx_hal_gpio.o
 .comment       0x0000000000000050       0x51 ./Drivers/STM32F1xx_HAL_Driver/Src/stm32f1xx_hal_i2c.o
 .comment       0x0000000000000050       0x51 ./Drivers/STM32F1xx_HAL_Driver/Src/stm32f1xx_hal_rcc.o
 .comment       0x0000000000000050       0x51 ./Drivers/STM32F1xx_HAL_Driver/Src/stm32f1xx_hal_tim.o
 .comment       0x0000000000000050       0x51 ./Drivers/STM32F1xx_HAL_Driver/Src/stm32f1xx_hal_tim_ex.o

.debug_frame    0x0000000000000000     0x4094
 .debug_frame   0x0000000000000000      0x2a8 ./Core/Src/main.o
 .debug_frame   0x00000000000002a8      0x344 ./Core/Src/ssd1306.o
 .debug_frame   0x00000000000005ec       0xc8 ./Core/Src/stm32f1xx_hal_msp.o
 .debug_frame   0x00000000000006b4      0x158 ./Core/Src/stm32f1xx_it.o
 .debug_frame   0x000000000000080c       0x34 ./Core/Src/sysmem.o
 .debug_frame   0x0000000000000840       0x58 ./Core/Src/system_stm32f1xx.o
 .debug_frame   0x0000000000000898      0x334 ./Drivers/STM32F1xx_HAL_Driver/Src/stm32f1xx_hal.o
 .debug_frame   0x0000000000000bcc      0x428 ./Drivers/STM32F1xx_HAL_Driver/Src/stm32f1xx_hal_cortex.o
 .debug_frame   0x0000000000000ff4      0x20c ./Drivers/STM32F1xx_HAL_Driver/Src/stm32f1xx_hal_flash.o
 .debug_frame   0x0000000000001200      0x258 ./Drivers/STM32F1xx_HAL_Driver/Src/stm32f1xx_hal_flash_ex.o
 .debug_frame   0x0000000000001458      0x14c ./Drivers/STM32F1xx_HAL_Driver/Src/stm32f1xx_hal_gpio.o
 .debug_frame   0x00000000000015a4      0xc5c ./Drivers/STM32F1xx_HAL_Driver/Src/stm32f1xx_hal_i2c.o
 .debug_frame   0x0000000000002200      0x21c ./Drivers/STM32F1xx_HAL_Driver/Src/stm32f1xx_hal_rcc.o
 .debug_frame   0x000000000000241c     0x11b8 ./Drivers/STM32F1xx_HAL_Driver/Src/stm32f1xx_hal_tim.o
 .debug_frame   0x00000000000035d4      0x638 ./Drivers/STM32F1xx_HAL_Driver/Src/stm32f1xx_hal_tim_ex.o
 .debug_frame   0x0000000000003c0c       0x20 c:/productivity/stmicroelectronics/stm32cubeide_1.7.0/stm32cubeide/plugins/com.st.stm32cube.ide.mcu.externaltools.gnu-tools-for-stm32.10.3-2021.10.win32_1.0.0.202111181127/tools/bin/../lib/gcc/arm-none-eabi/10.3.1/../../../../arm-none-eabi/lib/thumb/v7-m/nofp\libc_nano.a(lib_a-errno.o)
 .debug_frame   0x0000000000003c2c       0x2c c:/productivity/stmicroelectronics/stm32cubeide_1.7.0/stm32cubeide/plugins/com.st.stm32cube.ide.mcu.externaltools.gnu-tools-for-stm32.10.3-2021.10.win32_1.0.0.202111181127/tools/bin/../lib/gcc/arm-none-eabi/10.3.1/../../../../arm-none-eabi/lib/thumb/v7-m/nofp\libc_nano.a(lib_a-init.o)
 .debug_frame   0x0000000000003c58       0x28 c:/productivity/stmicroelectronics/stm32cubeide_1.7.0/stm32cubeide/plugins/com.st.stm32cube.ide.mcu.externaltools.gnu-tools-for-stm32.10.3-2021.10.win32_1.0.0.202111181127/tools/bin/../lib/gcc/arm-none-eabi/10.3.1/../../../../arm-none-eabi/lib/thumb/v7-m/nofp\libc_nano.a(lib_a-memcpy-stub.o)
 .debug_frame   0x0000000000003c80       0x28 c:/productivity/stmicroelectronics/stm32cubeide_1.7.0/stm32cubeide/plugins/com.st.stm32cube.ide.mcu.externaltools.gnu-tools-for-stm32.10.3-2021.10.win32_1.0.0.202111181127/tools/bin/../lib/gcc/arm-none-eabi/10.3.1/../../../../arm-none-eabi/lib/thumb/v7-m/nofp\libc_nano.a(lib_a-memmove.o)
 .debug_frame   0x0000000000003ca8       0x20 c:/productivity/stmicroelectronics/stm32cubeide_1.7.0/stm32cubeide/plugins/com.st.stm32cube.ide.mcu.externaltools.gnu-tools-for-stm32.10.3-2021.10.win32_1.0.0.202111181127/tools/bin/../lib/gcc/arm-none-eabi/10.3.1/../../../../arm-none-eabi/lib/thumb/v7-m/nofp\libc_nano.a(lib_a-memset.o)
 .debug_frame   0x0000000000003cc8       0x6c c:/productivity/stmicroelectronics/stm32cubeide_1.7.0/stm32cubeide/plugins/com.st.stm32cube.ide.mcu.externaltools.gnu-tools-for-stm32.10.3-2021.10.win32_1.0.0.202111181127/tools/bin/../lib/gcc/arm-none-eabi/10.3.1/../../../../arm-none-eabi/lib/thumb/v7-m/nofp\libc_nano.a(lib_a-sprintf.o)
 .debug_frame   0x0000000000003d34       0x90 c:/productivity/stmicroelectronics/stm32cubeide_1.7.0/stm32cubeide/plugins/com.st.stm32cube.ide.mcu.externaltools.gnu-tools-for-stm32.10.3-2021.10.win32_1.0.0.202111181127/tools/bin/../lib/gcc/arm-none-eabi/10.3.1/../../../../arm-none-eabi/lib/thumb/v7-m/nofp\libc_nano.a(lib_a-nano-svfprintf.o)
 .debug_frame   0x0000000000003dc4       0x60 c:/productivity/stmicroelectronics/stm32cubeide_1.7.0/stm32cubeide/plugins/com.st.stm32cube.ide.mcu.externaltools.gnu-tools-for-stm32.10.3-2021.10.win32_1.0.0.202111181127/tools/bin/../lib/gcc/arm-none-eabi/10.3.1/../../../../arm-none-eabi/lib/thumb/v7-m/nofp\libc_nano.a(lib_a-nano-vfprintf_i.o)
 .debug_frame   0x0000000000003e24       0x28 c:/productivity/stmicroelectronics/stm32cubeide_1.7.0/stm32cubeide/plugins/com.st.stm32cube.ide.mcu.externaltools.gnu-tools-for-stm32.10.3-2021.10.win32_1.0.0.202111181127/tools/bin/../lib/gcc/arm-none-eabi/10.3.1/../../../../arm-none-eabi/lib/thumb/v7-m/nofp\libc_nano.a(lib_a-memchr-stub.o)
 .debug_frame   0x0000000000003e4c       0x38 c:/productivity/stmicroelectronics/stm32cubeide_1.7.0/stm32cubeide/plugins/com.st.stm32cube.ide.mcu.externaltools.gnu-tools-for-stm32.10.3-2021.10.win32_1.0.0.202111181127/tools/bin/../lib/gcc/arm-none-eabi/10.3.1/../../../../arm-none-eabi/lib/thumb/v7-m/nofp\libc_nano.a(lib_a-nano-freer.o)
 .debug_frame   0x0000000000003e84       0x4c c:/productivity/stmicroelectronics/stm32cubeide_1.7.0/stm32cubeide/plugins/com.st.stm32cube.ide.mcu.externaltools.gnu-tools-for-stm32.10.3-2021.10.win32_1.0.0.202111181127/tools/bin/../lib/gcc/arm-none-eabi/10.3.1/../../../../arm-none-eabi/lib/thumb/v7-m/nofp\libc_nano.a(lib_a-nano-mallocr.o)
 .debug_frame   0x0000000000003ed0       0x3c c:/productivity/stmicroelectronics/stm32cubeide_1.7.0/stm32cubeide/plugins/com.st.stm32cube.ide.mcu.externaltools.gnu-tools-for-stm32.10.3-2021.10.win32_1.0.0.202111181127/tools/bin/../lib/gcc/arm-none-eabi/10.3.1/../../../../arm-none-eabi/lib/thumb/v7-m/nofp\libc_nano.a(lib_a-nano-reallocr.o)
 .debug_frame   0x0000000000003f0c       0x2c c:/productivity/stmicroelectronics/stm32cubeide_1.7.0/stm32cubeide/plugins/com.st.stm32cube.ide.mcu.externaltools.gnu-tools-for-stm32.10.3-2021.10.win32_1.0.0.202111181127/tools/bin/../lib/gcc/arm-none-eabi/10.3.1/../../../../arm-none-eabi/lib/thumb/v7-m/nofp\libc_nano.a(lib_a-sbrkr.o)
 .debug_frame   0x0000000000003f38       0x30 c:/productivity/stmicroelectronics/stm32cubeide_1.7.0/stm32cubeide/plugins/com.st.stm32cube.ide.mcu.externaltools.gnu-tools-for-stm32.10.3-2021.10.win32_1.0.0.202111181127/tools/bin/../lib/gcc/arm-none-eabi/10.3.1/../../../../arm-none-eabi/lib/thumb/v7-m/nofp\libc_nano.a(lib_a-mlock.o)
 .debug_frame   0x0000000000003f68       0x20 c:/productivity/stmicroelectronics/stm32cubeide_1.7.0/stm32cubeide/plugins/com.st.stm32cube.ide.mcu.externaltools.gnu-tools-for-stm32.10.3-2021.10.win32_1.0.0.202111181127/tools/bin/../lib/gcc/arm-none-eabi/10.3.1/../../../../arm-none-eabi/lib/thumb/v7-m/nofp\libc_nano.a(lib_a-nano-msizer.o)
 .debug_frame   0x0000000000003f88       0x5c c:/productivity/stmicroelectronics/stm32cubeide_1.7.0/stm32cubeide/plugins/com.st.stm32cube.ide.mcu.externaltools.gnu-tools-for-stm32.10.3-2021.10.win32_1.0.0.202111181127/tools/bin/../lib/gcc/arm-none-eabi/10.3.1/../../../../arm-none-eabi/lib/thumb/v7-m/nofp\libc_nano.a(lib_a-reent.o)
 .debug_frame   0x0000000000003fe4       0xb0 c:/productivity/stmicroelectronics/stm32cubeide_1.7.0/stm32cubeide/plugins/com.st.stm32cube.ide.mcu.externaltools.gnu-tools-for-stm32.10.3-2021.10.win32_1.0.0.202111181127/tools/bin/../lib/gcc/arm-none-eabi/10.3.1/../../../../arm-none-eabi/lib/thumb/v7-m/nofp\libc_nano.a(lib_a-lock.o)
