../Core/Src/main.c:102:5:main	8	static
../Core/Src/main.c:161:6:SystemClock_Config	72	static
../Core/Src/main.c:200:13:MX_CAN_Init	8	static
../Core/Src/main.c:237:13:MX_I2C2_Init	8	static
../Core/Src/main.c:271:13:MX_TIM1_Init	96	static
../Core/Src/main.c:345:13:MX_TIM2_Init	64	static
../Core/Src/main.c:403:13:MX_USART1_UART_Init	8	static
../Core/Src/main.c:436:13:MX_USART2_UART_Init	8	static
../Core/Src/main.c:469:13:MX_GPIO_Init	40	static
../Core/Src/main.c:504:6:mode_check	16	static
../Core/Src/main.c:543:6:oled_show	8	static
../Core/Src/main.c:580:6:show_time	16	static
../Core/Src/main.c:586:6:show_alarm	8	static
../Core/Src/main.c:595:6:show_calendar	16	static
../Core/Src/main.c:601:6:show_set	32	static
../Core/Src/main.c:682:6:show_error	8	static
../Core/Src/main.c:688:5:check_date	4	static
../Core/Src/main.c:694:5:check_sw	8	static
../Core/Src/main.c:730:6:set_date	4	static
../Core/Src/main.c:734:6:HAL_TIM_PeriodElapsedCallback	16	static
../Core/Src/main.c:772:6:Error_Handler	4	static,ignoring_inline_asm
